[  0%] Built target std_msgs_generate_messages_lisp
[  0%] Built target _dog_prior_map_interfaces_generate_messages_check_deps_NdtSessionControlAck
[  0%] Built target geometry_msgs_generate_messages_lisp
[  0%] Built target _dog_prior_map_interfaces_generate_messages_check_deps_NdtSessionControl
[  0%] Built target sensor_msgs_generate_messages_lisp
[  0%] Built target _dog_prior_map_interfaces_generate_messages_check_deps_NdtScanRequest
[  0%] Built target _dog_prior_map_interfaces_generate_messages_check_deps_NdtScanResult
[  0%] Built target _dog_prior_map_interfaces_generate_messages_check_deps_NdtScanAck
[  0%] Built target _dog_prior_map_interfaces_generate_messages_check_deps_NdtServerStatus
[  0%] Built target sensor_msgs_generate_messages_py
[  0%] Built target geometry_msgs_generate_messages_py
[  0%] Built target std_msgs_generate_messages_py
[  0%] Built target std_msgs_generate_messages_nodejs
[  0%] Built target geometry_msgs_generate_messages_nodejs
[  0%] Built target sensor_msgs_generate_messages_nodejs
[  0%] Built target sensor_msgs_generate_messages_cpp
[  0%] Built target std_msgs_generate_messages_cpp
[  0%] Built target geometry_msgs_generate_messages_cpp
[  0%] Built target sensor_msgs_generate_messages_eus
[  0%] Built target geometry_msgs_generate_messages_eus
[  0%] Built target _catkin_empty_exported_target
[  0%] Built target std_msgs_generate_messages_eus
[  0%] Built target roscpp_generate_messages_eus
[  0%] Built target rosgraph_msgs_generate_messages_py
[  0%] Built target actionlib_msgs_generate_messages_nodejs
[  0%] Built target nav_msgs_generate_messages_cpp
[  0%] Built target roscpp_generate_messages_nodejs
[  0%] Built target rosgraph_msgs_generate_messages_eus
[  0%] Built target roscpp_generate_messages_cpp
[  0%] Built target roscpp_generate_messages_py
[  0%] Built target rosgraph_msgs_generate_messages_lisp
[  0%] Built target actionlib_msgs_generate_messages_eus
[  0%] Built target nav_msgs_generate_messages_py
[  0%] Built target nav_msgs_generate_messages_nodejs
[  0%] Built target actionlib_msgs_generate_messages_cpp
[  0%] Built target nav_msgs_generate_messages_eus
[  0%] Built target actionlib_msgs_generate_messages_lisp
[  0%] Built target rosgraph_msgs_generate_messages_cpp
[  0%] Built target actionlib_msgs_generate_messages_py
[  0%] Built target rosgraph_msgs_generate_messages_nodejs
[  0%] Built target roscpp_generate_messages_lisp
[  0%] Built target nav_msgs_generate_messages_lisp
[ 10%] Built target dog_prior_map_interfaces_generate_messages_lisp
[ 22%] Built target dog_prior_map_interfaces_generate_messages_py
[ 35%] Built target dog_prior_map_interfaces_generate_messages_nodejs
[ 43%] Built target dog_prior_map_interfaces_generate_messages_cpp
[ 56%] Built target dog_prior_map_interfaces_generate_messages_eus
[ 56%] Built target dog_prior_map_interfaces_generate_messages
[ 59%] Built target ndt_protocol_contract_test
[ 73%] Built target dog_prior_map_fastlio2_frontend_node
[ 73%] Built target fastlio2_propagation_contract_test
[ 78%] Built target ikfom_pose_api_spike
[ 85%] Built target scan_end_deskew_runtime_test
[ 96%] Built target ndt_pose_update_runtime_test
[100%] Built target frontend_runtime_end_to_end_test
