STARTUP_MODE=OFFICIAL_POSE_REANCHOR
FRAME_CONTRACT_MODE=1
DATASET_STATE_PROFILE=DATASET_VELOCITY
STATIC_WINDOW=1517157224023904000,1517157225018848000 samples=200
STATIC_GATE=PASS accel_std= 0.35603807817 0.316753910102 0.263350216811 gyro_std=0.0350728310874 0.0447874380996 0.0490500502501
CALIBRATION gyro_bias=0.00830944017588 -0.0238206849755   0.036990501135 accel_bias_prior=0 0 0 mean_specific_force= 1.57831102461 0.221833535522  9.69877770424 gravity_magnitude=9.809
GRAVITY_INITIALIZATION=STATIC_FORCE_CAUSAL_GYRO_TRANSPORT gravity_map=-8.29389651046  1.45065657871 -5.03223182738
T_IMU_LIDAR translation= 0.08 0.029  0.03 rotation=
    0.999991859723 -0.000516138108003   0.00400176067421
 0.000519624185203     0.999999486419 -0.000870145087925
 -0.00400130950395  0.000872217416333     0.999991614344
REANCHOR timestamp_ns=1517157286165072000 map_T_imu=
  0.135990212695  -0.990409520525 -0.0244058129144
  0.990705073191   0.136027344131 0.00014000527676
0.00318119535307 -0.0241980020171   0.999702123982
position= 1.968147 -6.879292 -0.896125 velocity= 0.340226167731   2.91311832729 -0.169158899609 gyro_bias=0 0 0 accel_bias=0 0 0 gravity_map=-8.29389651046  1.45065657871 -5.03223182738
INITIAL_COVARIANCE_DIAG velocity=0.25 0.25 0.25 gyro_bias=0.0025 0.0025 0.0025 accel_bias=0.25 0.25 0.25
FIRST_TRANSACTION_ID=666
INITIAL_VELOCITY_INJECTION timestamp_ns=1517157286165072000 velocity_world_m_s= 0.340226167731   2.91311832729 -0.169158899609 count=1
FIRST_SCAN tx=666 start_ns=1517157286155932903 end_ns=1517157286256772352 point_count=29063
FIRST_SCAN_COMPLETE=PASS raw_points=29063 retained_points=29063 dropped_points=0 anchor_overlap_ns=9139097
FRAME tx=666 scan_start_ns=1517157286155932903 scan_end_ns=1517157286256772352 status=SUCCESS converged=1 iterations=44 correction_m=1.47172797 correction_rad=0.291999919 initial_overlap=0.149285714/0.222857143/0.352857143/0.516428571 final_overlap=0.419285714/0.54/0.692857143/0.857857143 fitness=1.01418153 pose_imu_xyz= 0.568724165  -6.50183313 -0.920918437 pose_imu_rpy=  0.066650017 -0.0616295141    1.69616739 velocity=-0.437928242   3.10113146  0.289823087 speed=3.14528138 bg=-3.26100145e-05  1.25327689e-05 -5.89891588e-05 ba= 9.00876799e-05  -0.00138744473 -5.85940755e-06 P_v=0.259978557 0.259851662 0.251765232 P_bg=0.00249994793 0.00249994793 0.00249994796 P_ba=0.249999051 0.249999051 0.249999051 frame_increment_m=1.44964623 frame_increment_rad=0.285785855
frames=1 first_transaction=666 lidar_updates=1 prediction_only=0 state_finite=true
