INPUT_HASH_PASS floor01_fix1_runtime_topics.bag
INPUT_HASH_PASS floor01_canonical_input_manifest.csv
INPUT_HASH_PASS raw_data_core_2022-08-18-17-16-31_0.bag
INPUT_HASH_PASS raw_data_core_2022-08-18-17-19-00_1.bag
INPUT_HASH_PASS raw_data_core_2022-08-18-17-21-29_2.bag
INPUT_HASH_PASS floor01_intrinsics.yaml
INPUT_HASH_PASS floor01_extrinsics.yaml
SYNTHETIC_PNP_DIRECTION_AND_MEI_RECTIFICATION_PASS 1.459040168492593e-06
PAIR 120 1 DIRECT 42 COMPLETED 17 TOTAL 59 INLIERS 58 VALID
PAIR 120 2 DIRECT 41 COMPLETED 15 TOTAL 56 INLIERS 56 VALID
PAIR 120 4 DIRECT 39 COMPLETED 12 TOTAL 51 INLIERS 51 VALID
PAIR 120 8 DIRECT 40 COMPLETED 13 TOTAL 53 INLIERS 53 VALID
PAIR 244 1 DIRECT 10 COMPLETED 6 TOTAL 16 INLIERS 0 INSUFFICIENT_CORRESPONDENCES
PAIR 244 2 DIRECT 21 COMPLETED 6 TOTAL 27 INLIERS 0 INSUFFICIENT_CORRESPONDENCES
PAIR 244 4 DIRECT 9 COMPLETED 8 TOTAL 17 INLIERS 0 INSUFFICIENT_CORRESPONDENCES
PAIR 244 8 DIRECT 4 COMPLETED 2 TOTAL 6 INLIERS 0 INSUFFICIENT_CORRESPONDENCES
PAIR 368 1 DIRECT 21 COMPLETED 7 TOTAL 28 INLIERS 0 INSUFFICIENT_CORRESPONDENCES
PAIR 368 2 DIRECT 16 COMPLETED 11 TOTAL 27 INLIERS 0 INSUFFICIENT_CORRESPONDENCES
PAIR 368 4 DIRECT 0 COMPLETED 1 TOTAL 1 INLIERS 0 INSUFFICIENT_CORRESPONDENCES
PAIR 368 8 DIRECT 1 COMPLETED 4 TOTAL 5 INLIERS 0 INSUFFICIENT_CORRESPONDENCES
PAIR 616 1 DIRECT 23 COMPLETED 26 TOTAL 49 INLIERS 48 VALID
PAIR 616 2 DIRECT 25 COMPLETED 3 TOTAL 28 INLIERS 0 INSUFFICIENT_CORRESPONDENCES
PAIR 616 4 DIRECT 0 COMPLETED 0 TOTAL 0 INLIERS 0 INSUFFICIENT_CORRESPONDENCES
PAIR 616 8 DIRECT 0 COMPLETED 0 TOTAL 0 INLIERS 0 INSUFFICIENT_CORRESPONDENCES
PAIR 740 1 DIRECT 2 COMPLETED 4 TOTAL 6 INLIERS 0 INSUFFICIENT_CORRESPONDENCES
PAIR 740 2 DIRECT 1 COMPLETED 1 TOTAL 2 INLIERS 0 INSUFFICIENT_CORRESPONDENCES
PAIR 740 4 DIRECT 0 COMPLETED 0 TOTAL 0 INLIERS 0 INSUFFICIENT_CORRESPONDENCES
PAIR 740 8 DIRECT 0 COMPLETED 0 TOTAL 0 INLIERS 0 INSUFFICIENT_CORRESPONDENCES
PAIR 838 1 DIRECT 12 COMPLETED 1 TOTAL 13 INLIERS 0 INSUFFICIENT_CORRESPONDENCES
PAIR 838 2 DIRECT 12 COMPLETED 2 TOTAL 14 INLIERS 0 INSUFFICIENT_CORRESPONDENCES
PAIR 838 4 DIRECT 4 COMPLETED 4 TOTAL 8 INLIERS 0 INSUFFICIENT_CORRESPONDENCES
PAIR 838 8 DIRECT 3 COMPLETED 0 TOTAL 3 INLIERS 0 INSUFFICIENT_CORRESPONDENCES
PAIR 839 1 DIRECT 14 COMPLETED 1 TOTAL 15 INLIERS 0 INSUFFICIENT_CORRESPONDENCES
PAIR 839 2 DIRECT 10 COMPLETED 1 TOTAL 11 INLIERS 0 INSUFFICIENT_CORRESPONDENCES
PAIR 839 4 DIRECT 9 COMPLETED 1 TOTAL 10 INLIERS 0 INSUFFICIENT_CORRESPONDENCES
PAIR 839 8 DIRECT 2 COMPLETED 0 TOTAL 2 INLIERS 0 INSUFFICIENT_CORRESPONDENCES
PAIR 864 1 DIRECT 12 COMPLETED 4 TOTAL 16 INLIERS 0 INSUFFICIENT_CORRESPONDENCES
PAIR 864 2 DIRECT 15 COMPLETED 4 TOTAL 19 INLIERS 0 INSUFFICIENT_CORRESPONDENCES
PAIR 864 4 DIRECT 9 COMPLETED 2 TOTAL 11 INLIERS 0 INSUFFICIENT_CORRESPONDENCES
PAIR 864 8 DIRECT 11 COMPLETED 1 TOTAL 12 INLIERS 0 INSUFFICIENT_CORRESPONDENCES
PAIR 924 1 DIRECT 26 COMPLETED 7 TOTAL 33 INLIERS 31 VALID
PAIR 924 2 DIRECT 28 COMPLETED 10 TOTAL 38 INLIERS 33 VALID
PAIR 924 4 DIRECT 13 COMPLETED 2 TOTAL 15 INLIERS 0 INSUFFICIENT_CORRESPONDENCES
PAIR 924 8 DIRECT 9 COMPLETED 1 TOTAL 10 INLIERS 0 INSUFFICIENT_CORRESPONDENCES
PAIR 925 1 DIRECT 14 COMPLETED 15 TOTAL 29 INLIERS 0 INSUFFICIENT_CORRESPONDENCES
PAIR 925 2 DIRECT 23 COMPLETED 5 TOTAL 28 INLIERS 0 INSUFFICIENT_CORRESPONDENCES
PAIR 925 4 DIRECT 15 COMPLETED 7 TOTAL 22 INLIERS 0 INSUFFICIENT_CORRESPONDENCES
PAIR 925 8 DIRECT 15 COMPLETED 4 TOTAL 19 INLIERS 0 INSUFFICIENT_CORRESPONDENCES
PAIR 1111 1 DIRECT 64 COMPLETED 28 TOTAL 92 INLIERS 83 VALID
PAIR 1111 2 DIRECT 57 COMPLETED 32 TOTAL 89 INLIERS 75 VALID
PAIR 1111 4 DIRECT 47 COMPLETED 26 TOTAL 73 INLIERS 51 VALID
PAIR 1111 8 DIRECT 15 COMPLETED 7 TOTAL 22 INLIERS 0 INSUFFICIENT_CORRESPONDENCES
PAIR 1235 1 DIRECT 36 COMPLETED 9 TOTAL 45 INLIERS 39 VALID
PAIR 1235 2 DIRECT 0 COMPLETED 0 TOTAL 0 INLIERS 0 SYNC_INVALID
PAIR 1235 4 DIRECT 36 COMPLETED 2 TOTAL 38 INLIERS 27 VALID
PAIR 1235 8 DIRECT 20 COMPLETED 2 TOTAL 22 INLIERS 0 INSUFFICIENT_CORRESPONDENCES
PAIR 1359 1 DIRECT 62 COMPLETED 29 TOTAL 91 INLIERS 74 VALID
PAIR 1359 2 DIRECT 64 COMPLETED 15 TOTAL 79 INLIERS 62 VALID
PAIR 1359 4 DIRECT 67 COMPLETED 22 TOTAL 89 INLIERS 65 VALID
PAIR 1359 8 DIRECT 43 COMPLETED 16 TOTAL 59 INLIERS 50 VALID
PAIR 1497 1 DIRECT 81 COMPLETED 15 TOTAL 96 INLIERS 78 VALID
PAIR 1497 2 DIRECT 59 COMPLETED 26 TOTAL 85 INLIERS 74 VALID
PAIR 1497 4 DIRECT 34 COMPLETED 9 TOTAL 43 INLIERS 33 VALID
PAIR 1497 8 DIRECT 2 COMPLETED 1 TOTAL 3 INLIERS 0 INSUFFICIENT_CORRESPONDENCES
PAIR 1498 1 DIRECT 79 COMPLETED 20 TOTAL 99 INLIERS 84 VALID
PAIR 1498 2 DIRECT 70 COMPLETED 15 TOTAL 85 INLIERS 65 VALID
PAIR 1498 4 DIRECT 46 COMPLETED 12 TOTAL 58 INLIERS 45 VALID
PAIR 1498 8 DIRECT 3 COMPLETED 0 TOTAL 3 INLIERS 0 INSUFFICIENT_CORRESPONDENCES
PAIR 1556 1 DIRECT 58 COMPLETED 11 TOTAL 69 INLIERS 54 VALID
PAIR 1556 2 DIRECT 51 COMPLETED 8 TOTAL 59 INLIERS 41 VALID
PAIR 1556 4 DIRECT 33 COMPLETED 9 TOTAL 42 INLIERS 32 VALID
PAIR 1556 8 DIRECT 19 COMPLETED 6 TOTAL 25 INLIERS 0 INSUFFICIENT_CORRESPONDENCES
PAIR 1557 1 DIRECT 59 COMPLETED 16 TOTAL 75 INLIERS 65 VALID
PAIR 1557 2 DIRECT 55 COMPLETED 10 TOTAL 65 INLIERS 48 VALID
PAIR 1557 4 DIRECT 45 COMPLETED 5 TOTAL 50 INLIERS 36 VALID
PAIR 1557 8 DIRECT 22 COMPLETED 6 TOTAL 28 INLIERS 0 INSUFFICIENT_CORRESPONDENCES
PAIR 1606 1 DIRECT 71 COMPLETED 16 TOTAL 87 INLIERS 84 VALID
PAIR 1606 2 DIRECT 63 COMPLETED 16 TOTAL 79 INLIERS 70 VALID
PAIR 1606 4 DIRECT 50 COMPLETED 16 TOTAL 66 INLIERS 52 VALID
PAIR 1606 8 DIRECT 35 COMPLETED 23 TOTAL 58 INLIERS 44 VALID
PAIR 1730 1 DIRECT 92 COMPLETED 24 TOTAL 116 INLIERS 110 VALID
PAIR 1730 2 DIRECT 70 COMPLETED 10 TOTAL 80 INLIERS 63 VALID
PAIR 1730 4 DIRECT 0 COMPLETED 0 TOTAL 0 INLIERS 0 SYNC_INVALID
PAIR 1730 8 DIRECT 46 COMPLETED 8 TOTAL 54 INLIERS 28 VALID
PAIR 1854 1 DIRECT 0 COMPLETED 0 TOTAL 0 INLIERS 0 SYNC_INVALID
PAIR 1854 2 DIRECT 0 COMPLETED 0 TOTAL 0 INLIERS 0 SYNC_INVALID
PAIR 1854 4 DIRECT 0 COMPLETED 0 TOTAL 0 INLIERS 0 SYNC_INVALID
PAIR 1854 8 DIRECT 0 COMPLETED 0 TOTAL 0 INLIERS 0 SYNC_INVALID
PAIR 2102 1 DIRECT 25 COMPLETED 17 TOTAL 42 INLIERS 20 VALID
PAIR 2102 2 DIRECT 22 COMPLETED 19 TOTAL 41 INLIERS 23 VALID
PAIR 2102 4 DIRECT 21 COMPLETED 11 TOTAL 32 INLIERS 21 VALID
PAIR 2102 8 DIRECT 1 COMPLETED 2 TOTAL 3 INLIERS 0 INSUFFICIENT_CORRESPONDENCES
PAIR 2226 1 DIRECT 11 COMPLETED 12 TOTAL 23 INLIERS 0 INSUFFICIENT_CORRESPONDENCES
PAIR 2226 2 DIRECT 7 COMPLETED 11 TOTAL 18 INLIERS 0 INSUFFICIENT_CORRESPONDENCES
PAIR 2226 4 DIRECT 3 COMPLETED 5 TOTAL 8 INLIERS 0 INSUFFICIENT_CORRESPONDENCES
PAIR 2226 8 DIRECT 0 COMPLETED 0 TOTAL 0 INLIERS 0 INSUFFICIENT_CORRESPONDENCES
PAIR 2350 1 DIRECT 21 COMPLETED 10 TOTAL 31 INLIERS 29 VALID
PAIR 2350 2 DIRECT 13 COMPLETED 11 TOTAL 24 INLIERS 0 INSUFFICIENT_CORRESPONDENCES
PAIR 2350 4 DIRECT 15 COMPLETED 8 TOTAL 23 INLIERS 0 INSUFFICIENT_CORRESPONDENCES
PAIR 2350 8 DIRECT 10 COMPLETED 10 TOTAL 20 INLIERS 0 INSUFFICIENT_CORRESPONDENCES
PAIR 2598 1 DIRECT 13 COMPLETED 6 TOTAL 19 INLIERS 0 INSUFFICIENT_CORRESPONDENCES
PAIR 2598 2 DIRECT 7 COMPLETED 2 TOTAL 9 INLIERS 0 INSUFFICIENT_CORRESPONDENCES
PAIR 2598 4 DIRECT 18 COMPLETED 13 TOTAL 31 INLIERS 25 VALID
PAIR 2598 8 DIRECT 17 COMPLETED 2 TOTAL 19 INLIERS 0 INSUFFICIENT_CORRESPONDENCES
PAIR 2722 1 DIRECT 92 COMPLETED 41 TOTAL 133 INLIERS 131 VALID
PAIR 2722 2 DIRECT 66 COMPLETED 46 TOTAL 112 INLIERS 106 VALID
PAIR 2722 4 DIRECT 56 COMPLETED 25 TOTAL 81 INLIERS 79 VALID
PAIR 2722 8 DIRECT 35 COMPLETED 13 TOTAL 48 INLIERS 47 VALID
PAIR 2846 1 DIRECT 5 COMPLETED 3 TOTAL 8 INLIERS 0 INSUFFICIENT_CORRESPONDENCES
PAIR 2846 2 DIRECT 7 COMPLETED 7 TOTAL 14 INLIERS 0 INSUFFICIENT_CORRESPONDENCES
PAIR 2846 4 DIRECT 4 COMPLETED 5 TOTAL 9 INLIERS 0 INSUFFICIENT_CORRESPONDENCES
PAIR 2846 8 DIRECT 3 COMPLETED 2 TOTAL 5 INLIERS 0 INSUFFICIENT_CORRESPONDENCES
PAIR 3094 1 DIRECT 4 COMPLETED 1 TOTAL 5 INLIERS 0 INSUFFICIENT_CORRESPONDENCES
PAIR 3094 2 DIRECT 4 COMPLETED 2 TOTAL 6 INLIERS 0 INSUFFICIENT_CORRESPONDENCES
PAIR 3094 4 DIRECT 20 COMPLETED 8 TOTAL 28 INLIERS 0 INSUFFICIENT_CORRESPONDENCES
PAIR 3094 8 DIRECT 0 COMPLETED 0 TOTAL 0 INLIERS 0 SYNC_INVALID
PAIR 3217 1 DIRECT 17 COMPLETED 10 TOTAL 27 INLIERS 0 INSUFFICIENT_CORRESPONDENCES
PAIR 3217 2 DIRECT 11 COMPLETED 7 TOTAL 18 INLIERS 0 INSUFFICIENT_CORRESPONDENCES
PAIR 3217 4 DIRECT 5 COMPLETED 2 TOTAL 7 INLIERS 0 INSUFFICIENT_CORRESPONDENCES
PAIR 3217 8 DIRECT 0 COMPLETED 1 TOTAL 1 INLIERS 0 INSUFFICIENT_CORRESPONDENCES
PAIR 3341 1 DIRECT 9 COMPLETED 6 TOTAL 15 INLIERS 0 INSUFFICIENT_CORRESPONDENCES
PAIR 3341 2 DIRECT 11 COMPLETED 4 TOTAL 15 INLIERS 0 INSUFFICIENT_CORRESPONDENCES
PAIR 3341 4 DIRECT 12 COMPLETED 2 TOTAL 14 INLIERS 0 INSUFFICIENT_CORRESPONDENCES
PAIR 3341 8 DIRECT 11 COMPLETED 2 TOTAL 13 INLIERS 0 INSUFFICIENT_CORRESPONDENCES
PAIR 3631 1 DIRECT 14 COMPLETED 7 TOTAL 21 INLIERS 0 INSUFFICIENT_CORRESPONDENCES
PAIR 3631 2 DIRECT 9 COMPLETED 9 TOTAL 18 INLIERS 0 INSUFFICIENT_CORRESPONDENCES
PAIR 3631 4 DIRECT 1 COMPLETED 2 TOTAL 3 INLIERS 0 INSUFFICIENT_CORRESPONDENCES
PAIR 3631 8 DIRECT 0 COMPLETED 0 TOTAL 0 INLIERS 0 INSUFFICIENT_CORRESPONDENCES
PAIR 3796 1 DIRECT 0 COMPLETED 0 TOTAL 0 INLIERS 0 SYNC_INVALID
PAIR 3796 2 DIRECT 0 COMPLETED 0 TOTAL 0 INLIERS 0 SYNC_INVALID
PAIR 3796 4 DIRECT 0 COMPLETED 0 TOTAL 0 INLIERS 0 SYNC_INVALID
PAIR 3796 8 DIRECT 0 COMPLETED 0 TOTAL 0 INLIERS 0 SYNC_INVALID
PAIR 3962 1 DIRECT 51 COMPLETED 23 TOTAL 74 INLIERS 73 VALID
PAIR 3962 2 DIRECT 46 COMPLETED 24 TOTAL 70 INLIERS 70 VALID
PAIR 3962 4 DIRECT 43 COMPLETED 24 TOTAL 67 INLIERS 63 VALID
PAIR 3962 8 DIRECT 39 COMPLETED 22 TOTAL 61 INLIERS 53 VALID
DEVELOPMENT_MEASUREMENTS_FROZEN=YES
