STARTUP_MODE=OFFICIAL_POSE_REANCHOR
FRAME_CONTRACT_MODE=1
DATASET_STATE_PROFILE=BASELINE
STATIC_WINDOW=1517157224023904000,1517157225018848000 samples=200
STATIC_GATE=PASS accel_std= 0.35603807817 0.316753910102 0.263350216811 gyro_std=0.0350728310874 0.0447874380996 0.0490500502501
CALIBRATION gyro_bias=0.00830944017588 -0.0238206849755   0.036990501135 accel_bias_prior=0 0 0 mean_specific_force= 1.57831102461 0.221833535522  9.69877770424 gravity_magnitude=9.809
GRAVITY_INITIALIZATION=STATIC_FORCE_CAUSAL_GYRO_TRANSPORT gravity_map=-8.29389651046  1.45065657871 -5.03223182738
T_IMU_LIDAR translation= 0.08 0.029  0.03 rotation=
    0.999991859723 -0.000516138108003   0.00400176067421
 0.000519624185203     0.999999486419 -0.000870145087925
 -0.00400130950395  0.000872217416333     0.999991614344
REANCHOR timestamp_ns=1517157286165072000 map_T_imu=
  0.135990212695  -0.990409520525 -0.0244058129144
  0.990705073191   0.136027344131 0.00014000527676
0.00318119535307 -0.0241980020171   0.999702123982
position= 1.968147 -6.879292 -0.896125 velocity=0 0 0 gyro_bias=0.00830944017588 -0.0238206849755   0.036990501135 accel_bias=0 0 0 gravity_map=-8.29389651046  1.45065657871 -5.03223182738
INITIAL_COVARIANCE_DIAG velocity=1 1 1 gyro_bias=0.0001 0.0001 0.0001 accel_bias=0.001 0.001 0.001
FIRST_TRANSACTION_ID=666
FIRST_SCAN tx=666 start_ns=1517157286155932903 end_ns=1517157286256772352 point_count=29063
FIRST_SCAN_COMPLETE=PASS raw_points=29063 retained_points=29063 dropped_points=0 anchor_overlap_ns=9139097
FRAME tx=666 scan_start_ns=1517157286155932903 scan_end_ns=1517157286256772352 status=ITERATION_LIMIT_EXHAUSTED converged=1 iterations=80 correction_m=1.80102453 correction_rad=0.285636354 initial_overlap=0.156428571/0.221428571/0.357857143/0.505 final_overlap=0.434285714/0.569285714/0.73/0.876428571 fitness=0.892479729 pose_imu_xyz=  1.93244243  -6.86732575 -0.876862834 pose_imu_rpy=-0.0302421454 0.00291545091    1.43018842 velocity=-0.800415155  0.255435464  0.447987126 speed=0.952157635 bg=0.00830944018  -0.023820685  0.0369905011 ba=0 0 0 P_v=1.84191566 1.82855581 1.01659946 P_bg=0.0001 0.0001 0.0001 P_ba=0.001 0.001 0.001 frame_increment_m=0.0422970319 frame_increment_rad=0.00955351383
frames=1 first_transaction=666 lidar_updates=0 prediction_only=1 state_finite=true
