PNP_REPLAY 120 1 CORR 59 INLIERS 58 VALID
PNP_REPLAY 120 2 CORR 56 INLIERS 56 VALID
PNP_REPLAY 120 4 CORR 51 INLIERS 51 VALID
PNP_REPLAY 120 8 CORR 53 INLIERS 53 VALID
PNP_REPLAY 244 1 CORR 16 INLIERS 0 INSUFFICIENT_CORRESPONDENCES
PNP_REPLAY 244 2 CORR 27 INLIERS 27 VALID
PNP_REPLAY 244 4 CORR 17 INLIERS 0 INSUFFICIENT_CORRESPONDENCES
PNP_REPLAY 244 8 CORR 6 INLIERS 0 INSUFFICIENT_CORRESPONDENCES
PNP_REPLAY 368 1 CORR 28 INLIERS 25 VALID
PNP_REPLAY 368 2 CORR 27 INLIERS 16 PNP_REJECT
PNP_REPLAY 368 4 CORR 1 INLIERS 0 INSUFFICIENT_CORRESPONDENCES
PNP_REPLAY 368 8 CORR 5 INLIERS 0 INSUFFICIENT_CORRESPONDENCES
PNP_REPLAY 616 1 CORR 49 INLIERS 48 VALID
PNP_REPLAY 616 2 CORR 28 INLIERS 27 VALID
PNP_REPLAY 616 4 CORR 0 INLIERS 0 INSUFFICIENT_CORRESPONDENCES
PNP_REPLAY 616 8 CORR 0 INLIERS 0 INSUFFICIENT_CORRESPONDENCES
PNP_REPLAY 740 1 CORR 6 INLIERS 0 INSUFFICIENT_CORRESPONDENCES
PNP_REPLAY 740 2 CORR 2 INLIERS 0 INSUFFICIENT_CORRESPONDENCES
PNP_REPLAY 740 4 CORR 0 INLIERS 0 INSUFFICIENT_CORRESPONDENCES
PNP_REPLAY 740 8 CORR 0 INLIERS 0 INSUFFICIENT_CORRESPONDENCES
PNP_REPLAY 838 1 CORR 13 INLIERS 0 INSUFFICIENT_CORRESPONDENCES
PNP_REPLAY 838 2 CORR 14 INLIERS 0 INSUFFICIENT_CORRESPONDENCES
PNP_REPLAY 838 4 CORR 8 INLIERS 0 INSUFFICIENT_CORRESPONDENCES
PNP_REPLAY 838 8 CORR 3 INLIERS 0 INSUFFICIENT_CORRESPONDENCES
PNP_REPLAY 839 1 CORR 15 INLIERS 0 INSUFFICIENT_CORRESPONDENCES
PNP_REPLAY 839 2 CORR 11 INLIERS 0 INSUFFICIENT_CORRESPONDENCES
PNP_REPLAY 839 4 CORR 10 INLIERS 0 INSUFFICIENT_CORRESPONDENCES
PNP_REPLAY 839 8 CORR 2 INLIERS 0 INSUFFICIENT_CORRESPONDENCES
PNP_REPLAY 864 1 CORR 16 INLIERS 0 INSUFFICIENT_CORRESPONDENCES
PNP_REPLAY 864 2 CORR 19 INLIERS 0 INSUFFICIENT_CORRESPONDENCES
PNP_REPLAY 864 4 CORR 11 INLIERS 0 INSUFFICIENT_CORRESPONDENCES
PNP_REPLAY 864 8 CORR 12 INLIERS 0 INSUFFICIENT_CORRESPONDENCES
PNP_REPLAY 924 1 CORR 33 INLIERS 31 VALID
PNP_REPLAY 924 2 CORR 38 INLIERS 33 VALID
PNP_REPLAY 924 4 CORR 15 INLIERS 0 INSUFFICIENT_CORRESPONDENCES
PNP_REPLAY 924 8 CORR 10 INLIERS 0 INSUFFICIENT_CORRESPONDENCES
PNP_REPLAY 925 1 CORR 29 INLIERS 28 VALID
PNP_REPLAY 925 2 CORR 28 INLIERS 27 VALID
PNP_REPLAY 925 4 CORR 22 INLIERS 18 PNP_REJECT
PNP_REPLAY 925 8 CORR 19 INLIERS 0 INSUFFICIENT_CORRESPONDENCES
PNP_REPLAY 1111 1 CORR 92 INLIERS 83 VALID
PNP_REPLAY 1111 2 CORR 89 INLIERS 75 VALID
PNP_REPLAY 1111 4 CORR 73 INLIERS 51 VALID
PNP_REPLAY 1111 8 CORR 22 INLIERS 14 PNP_REJECT
PNP_REPLAY 1235 1 CORR 45 INLIERS 39 VALID
PNP_REPLAY 1235 2 CORR 0 INLIERS 0 SYNC_INVALID
PNP_REPLAY 1235 4 CORR 38 INLIERS 27 VALID
PNP_REPLAY 1235 8 CORR 22 INLIERS 16 PNP_REJECT
PNP_REPLAY 1359 1 CORR 91 INLIERS 74 VALID
PNP_REPLAY 1359 2 CORR 79 INLIERS 62 VALID
PNP_REPLAY 1359 4 CORR 89 INLIERS 65 VALID
PNP_REPLAY 1359 8 CORR 59 INLIERS 50 VALID
PNP_REPLAY 1497 1 CORR 96 INLIERS 78 VALID
PNP_REPLAY 1497 2 CORR 85 INLIERS 74 VALID
PNP_REPLAY 1497 4 CORR 43 INLIERS 33 VALID
PNP_REPLAY 1497 8 CORR 3 INLIERS 0 INSUFFICIENT_CORRESPONDENCES
PNP_REPLAY 1498 1 CORR 99 INLIERS 84 VALID
PNP_REPLAY 1498 2 CORR 85 INLIERS 65 VALID
PNP_REPLAY 1498 4 CORR 58 INLIERS 45 VALID
PNP_REPLAY 1498 8 CORR 3 INLIERS 0 INSUFFICIENT_CORRESPONDENCES
PNP_REPLAY 1556 1 CORR 69 INLIERS 54 VALID
PNP_REPLAY 1556 2 CORR 59 INLIERS 41 VALID
PNP_REPLAY 1556 4 CORR 42 INLIERS 32 VALID
PNP_REPLAY 1556 8 CORR 25 INLIERS 20 VALID
PNP_REPLAY 1557 1 CORR 75 INLIERS 65 VALID
PNP_REPLAY 1557 2 CORR 65 INLIERS 48 VALID
PNP_REPLAY 1557 4 CORR 50 INLIERS 36 VALID
PNP_REPLAY 1557 8 CORR 28 INLIERS 22 VALID
PNP_REPLAY 1606 1 CORR 87 INLIERS 84 VALID
PNP_REPLAY 1606 2 CORR 79 INLIERS 70 VALID
PNP_REPLAY 1606 4 CORR 66 INLIERS 52 VALID
PNP_REPLAY 1606 8 CORR 58 INLIERS 44 VALID
PNP_REPLAY 1730 1 CORR 116 INLIERS 110 VALID
PNP_REPLAY 1730 2 CORR 80 INLIERS 63 VALID
PNP_REPLAY 1730 4 CORR 0 INLIERS 0 SYNC_INVALID
PNP_REPLAY 1730 8 CORR 54 INLIERS 28 VALID
PNP_REPLAY 1854 1 CORR 0 INLIERS 0 SYNC_INVALID
PNP_REPLAY 1854 2 CORR 0 INLIERS 0 SYNC_INVALID
PNP_REPLAY 1854 4 CORR 0 INLIERS 0 SYNC_INVALID
PNP_REPLAY 1854 8 CORR 0 INLIERS 0 SYNC_INVALID
PNP_REPLAY 2102 1 CORR 42 INLIERS 20 VALID
PNP_REPLAY 2102 2 CORR 41 INLIERS 23 VALID
PNP_REPLAY 2102 4 CORR 32 INLIERS 21 VALID
PNP_REPLAY 2102 8 CORR 3 INLIERS 0 INSUFFICIENT_CORRESPONDENCES
PNP_REPLAY 2226 1 CORR 23 INLIERS 21 VALID
PNP_REPLAY 2226 2 CORR 18 INLIERS 0 INSUFFICIENT_CORRESPONDENCES
PNP_REPLAY 2226 4 CORR 8 INLIERS 0 INSUFFICIENT_CORRESPONDENCES
PNP_REPLAY 2226 8 CORR 0 INLIERS 0 INSUFFICIENT_CORRESPONDENCES
PNP_REPLAY 2350 1 CORR 31 INLIERS 29 VALID
PNP_REPLAY 2350 2 CORR 24 INLIERS 22 VALID
PNP_REPLAY 2350 4 CORR 23 INLIERS 19 PNP_REJECT
PNP_REPLAY 2350 8 CORR 20 INLIERS 16 PNP_REJECT
PNP_REPLAY 2598 1 CORR 19 INLIERS 0 INSUFFICIENT_CORRESPONDENCES
PNP_REPLAY 2598 2 CORR 9 INLIERS 0 INSUFFICIENT_CORRESPONDENCES
PNP_REPLAY 2598 4 CORR 31 INLIERS 25 VALID
PNP_REPLAY 2598 8 CORR 19 INLIERS 0 INSUFFICIENT_CORRESPONDENCES
PNP_REPLAY 2722 1 CORR 133 INLIERS 131 VALID
PNP_REPLAY 2722 2 CORR 112 INLIERS 106 VALID
PNP_REPLAY 2722 4 CORR 81 INLIERS 79 VALID
PNP_REPLAY 2722 8 CORR 48 INLIERS 47 VALID
PNP_REPLAY 2846 1 CORR 8 INLIERS 0 INSUFFICIENT_CORRESPONDENCES
PNP_REPLAY 2846 2 CORR 14 INLIERS 0 INSUFFICIENT_CORRESPONDENCES
PNP_REPLAY 2846 4 CORR 9 INLIERS 0 INSUFFICIENT_CORRESPONDENCES
PNP_REPLAY 2846 8 CORR 5 INLIERS 0 INSUFFICIENT_CORRESPONDENCES
PNP_REPLAY 3094 1 CORR 5 INLIERS 0 INSUFFICIENT_CORRESPONDENCES
PNP_REPLAY 3094 2 CORR 6 INLIERS 0 INSUFFICIENT_CORRESPONDENCES
PNP_REPLAY 3094 4 CORR 28 INLIERS 21 VALID
PNP_REPLAY 3094 8 CORR 0 INLIERS 0 SYNC_INVALID
PNP_REPLAY 3217 1 CORR 27 INLIERS 26 VALID
PNP_REPLAY 3217 2 CORR 18 INLIERS 0 INSUFFICIENT_CORRESPONDENCES
PNP_REPLAY 3217 4 CORR 7 INLIERS 0 INSUFFICIENT_CORRESPONDENCES
PNP_REPLAY 3217 8 CORR 1 INLIERS 0 INSUFFICIENT_CORRESPONDENCES
PNP_REPLAY 3341 1 CORR 15 INLIERS 0 INSUFFICIENT_CORRESPONDENCES
PNP_REPLAY 3341 2 CORR 15 INLIERS 0 INSUFFICIENT_CORRESPONDENCES
PNP_REPLAY 3341 4 CORR 14 INLIERS 0 INSUFFICIENT_CORRESPONDENCES
PNP_REPLAY 3341 8 CORR 13 INLIERS 0 INSUFFICIENT_CORRESPONDENCES
PNP_REPLAY 3631 1 CORR 21 INLIERS 18 PNP_REJECT
PNP_REPLAY 3631 2 CORR 18 INLIERS 0 INSUFFICIENT_CORRESPONDENCES
PNP_REPLAY 3631 4 CORR 3 INLIERS 0 INSUFFICIENT_CORRESPONDENCES
PNP_REPLAY 3631 8 CORR 0 INLIERS 0 INSUFFICIENT_CORRESPONDENCES
PNP_REPLAY 3796 1 CORR 0 INLIERS 0 SYNC_INVALID
PNP_REPLAY 3796 2 CORR 0 INLIERS 0 SYNC_INVALID
PNP_REPLAY 3796 4 CORR 0 INLIERS 0 SYNC_INVALID
PNP_REPLAY 3796 8 CORR 0 INLIERS 0 SYNC_INVALID
PNP_REPLAY 3962 1 CORR 74 INLIERS 73 VALID
PNP_REPLAY 3962 2 CORR 70 INLIERS 70 VALID
PNP_REPLAY 3962 4 CORR 67 INLIERS 63 VALID
PNP_REPLAY 3962 8 CORR 61 INLIERS 53 VALID
R3B_PNP_MEASUREMENTS_SELECTED_LAGS_UNLABELLED_COVERAGE_FROZEN=YES
