Matplotlib created a temporary cache directory at /tmp/matplotlib-eq3xp3_b because the default path (/home/jian/.config/matplotlib) is not a writable directory; it is highly recommended to set the MPLCONFIGDIR environment variable to a writable directory, in particular to speed up the import of Matplotlib and to better support multiprocessing.
Traceback (most recent call last):
  File "src/dog_prior_map_fastlio2_frontend_exp/scripts/p10/budgeted/evaluate_weak_refinement.py", line 198, in <module>
    p=argparse.ArgumentParser();p.add_argument("--attempt",type=int,default=0);a=p.parse_args();evaluate(a.attempt)
  File "src/dog_prior_map_fastlio2_frontend_exp/scripts/p10/budgeted/evaluate_weak_refinement.py", line 194, in evaluate
    json_write(directory/"evaluation.json",result)
  File "/tmp/dog_loc_paper_r4_ws.Fq21k2/src/dog_prior_map_fastlio2_frontend_exp/scripts/p10/budgeted/run_budgeted.py", line 45, in json_write
    json.dump(data, stream, indent=2, allow_nan=False)
  File "/usr/lib/python3.8/json/__init__.py", line 179, in dump
    for chunk in iterable:
  File "/usr/lib/python3.8/json/encoder.py", line 431, in _iterencode
    yield from _iterencode_dict(o, _current_indent_level)
  File "/usr/lib/python3.8/json/encoder.py", line 405, in _iterencode_dict
    yield from chunks
  File "/usr/lib/python3.8/json/encoder.py", line 405, in _iterencode_dict
    yield from chunks
  File "/usr/lib/python3.8/json/encoder.py", line 405, in _iterencode_dict
    yield from chunks
  File "/usr/lib/python3.8/json/encoder.py", line 438, in _iterencode
    o = _default(o)
  File "/usr/lib/python3.8/json/encoder.py", line 179, in default
    raise TypeError(f'Object of type {o.__class__.__name__} '
TypeError: Object of type int64 is not JSON serializable
