P10 tx=616 method=ORIGINAL_NDT node=1/1 strong=BASELINE full=SUCCESS
P10 tx=616 method=A_WEAK_ONLY node=1/55 strong=WEAK_ONLY full=SUCCESS
P10 tx=616 method=A_WEAK_ONLY node=2/55 strong=WEAK_ONLY full=SUCCESS
P10 tx=616 method=A_WEAK_ONLY node=3/55 strong=WEAK_ONLY full=SUCCESS
P10 tx=616 method=A_WEAK_ONLY node=4/55 strong=WEAK_ONLY full=SUCCESS
P10 tx=616 method=A_WEAK_ONLY node=5/55 strong=WEAK_ONLY full=SUCCESS
P10 tx=616 method=A_WEAK_ONLY node=6/55 strong=WEAK_ONLY full=SUCCESS
P10 tx=616 method=A_WEAK_ONLY node=7/55 strong=WEAK_ONLY full=SUCCESS
P10 tx=616 method=A_WEAK_ONLY node=8/55 strong=WEAK_ONLY full=SUCCESS
P10 tx=616 method=A_WEAK_ONLY node=9/55 strong=WEAK_ONLY full=SUCCESS
P10 tx=616 method=A_WEAK_ONLY node=10/55 strong=WEAK_ONLY full=SUCCESS
P10 tx=616 method=A_WEAK_ONLY node=11/55 strong=WEAK_ONLY full=SUCCESS
P10 tx=616 method=A_WEAK_ONLY node=12/55 strong=WEAK_ONLY full=SUCCESS
P10 tx=616 method=A_WEAK_ONLY node=13/55 strong=WEAK_ONLY full=SUCCESS
P10 tx=616 method=A_WEAK_ONLY node=14/55 strong=WEAK_ONLY full=SUCCESS
P10 tx=616 method=A_WEAK_ONLY node=15/55 strong=WEAK_ONLY full=SUCCESS
P10 tx=616 method=A_WEAK_ONLY node=16/55 strong=WEAK_ONLY full=SUCCESS
P10 tx=616 method=A_WEAK_ONLY node=17/55 strong=WEAK_ONLY full=SUCCESS
P10 tx=616 method=A_WEAK_ONLY node=18/55 strong=WEAK_ONLY full=SUCCESS
P10 tx=616 method=A_WEAK_ONLY node=19/55 strong=WEAK_ONLY full=SUCCESS
P10 tx=616 method=A_WEAK_ONLY node=20/55 strong=WEAK_ONLY full=SUCCESS
P10 tx=616 method=A_WEAK_ONLY node=21/55 strong=WEAK_ONLY full=SUCCESS
P10 tx=616 method=A_WEAK_ONLY node=22/55 strong=WEAK_ONLY full=SUCCESS
P10 tx=616 method=A_WEAK_ONLY node=23/55 strong=WEAK_ONLY full=SUCCESS
P10 tx=616 method=A_WEAK_ONLY node=24/55 strong=WEAK_ONLY full=SUCCESS
P10 tx=616 method=A_WEAK_ONLY node=25/55 strong=WEAK_ONLY full=SUCCESS
P10 tx=616 method=A_WEAK_ONLY node=26/55 strong=WEAK_ONLY full=SUCCESS
P10 tx=616 method=A_WEAK_ONLY node=27/55 strong=WEAK_ONLY full=SUCCESS
P10 tx=616 method=A_WEAK_ONLY node=28/55 strong=WEAK_ONLY full=SUCCESS
P10 tx=616 method=A_WEAK_ONLY node=29/55 strong=WEAK_ONLY full=SUCCESS
P10 tx=616 method=A_WEAK_ONLY node=30/55 strong=WEAK_ONLY full=SUCCESS
P10 tx=616 method=A_WEAK_ONLY node=31/55 strong=WEAK_ONLY full=SUCCESS
P10 tx=616 method=A_WEAK_ONLY node=32/55 strong=WEAK_ONLY full=SUCCESS
P10 tx=616 method=A_WEAK_ONLY node=33/55 strong=WEAK_ONLY full=SUCCESS
P10 tx=616 method=A_WEAK_ONLY node=34/55 strong=WEAK_ONLY full=SUCCESS
P10 tx=616 method=A_WEAK_ONLY node=35/55 strong=WEAK_ONLY full=SUCCESS
P10 tx=616 method=A_WEAK_ONLY node=36/55 strong=WEAK_ONLY full=SUCCESS
P10 tx=616 method=A_WEAK_ONLY node=37/55 strong=WEAK_ONLY full=SUCCESS
P10 tx=616 method=A_WEAK_ONLY node=38/55 strong=WEAK_ONLY full=SUCCESS
P10 tx=616 method=A_WEAK_ONLY node=39/55 strong=WEAK_ONLY full=SUCCESS
P10 tx=616 method=A_WEAK_ONLY node=40/55 strong=WEAK_ONLY full=SUCCESS
P10 tx=616 method=A_WEAK_ONLY node=41/55 strong=WEAK_ONLY full=SUCCESS
P10 tx=616 method=A_WEAK_ONLY node=42/55 strong=WEAK_ONLY full=SUCCESS
P10 tx=616 method=A_WEAK_ONLY node=43/55 strong=WEAK_ONLY full=SUCCESS
P10 tx=616 method=A_WEAK_ONLY node=44/55 strong=WEAK_ONLY full=SUCCESS
P10 tx=616 method=A_WEAK_ONLY node=45/55 strong=WEAK_ONLY full=SUCCESS
P10 tx=616 method=A_WEAK_ONLY node=46/55 strong=WEAK_ONLY full=SUCCESS
P10 tx=616 method=A_WEAK_ONLY node=47/55 strong=WEAK_ONLY full=SUCCESS
P10 tx=616 method=A_WEAK_ONLY node=48/55 strong=WEAK_ONLY full=SUCCESS
P10 tx=616 method=A_WEAK_ONLY node=49/55 strong=WEAK_ONLY full=SUCCESS
P10 tx=616 method=A_WEAK_ONLY node=50/55 strong=WEAK_ONLY full=SUCCESS
P10 tx=616 method=A_WEAK_ONLY node=51/55 strong=WEAK_ONLY full=SUCCESS
P10 tx=616 method=A_WEAK_ONLY node=52/55 strong=WEAK_ONLY full=SUCCESS
P10 tx=616 method=A_WEAK_ONLY node=53/55 strong=WEAK_ONLY full=SUCCESS
P10 tx=616 method=A_WEAK_ONLY node=54/55 strong=WEAK_ONLY full=SUCCESS
P10 tx=616 method=A_WEAK_ONLY node=55/55 strong=WEAK_ONLY full=SUCCESS
P10 tx=616 method=B_WARM_NEWTON node=1/55 strong=STEP_SMALL full=SUCCESS
P10 tx=616 method=B_WARM_NEWTON node=2/55 strong=MAX_ITERATIONS full=SUCCESS
P10 tx=616 method=B_WARM_NEWTON node=3/55 strong=TRUST_RADIUS_EXHAUSTED full=SUCCESS
P10 tx=616 method=B_WARM_NEWTON node=4/55 strong=MAX_ITERATIONS full=SUCCESS
P10 tx=616 method=B_WARM_NEWTON node=5/55 strong=TRUST_RADIUS_EXHAUSTED full=SUCCESS
P10 tx=616 method=B_WARM_NEWTON node=6/55 strong=MAX_ITERATIONS full=SUCCESS
P10 tx=616 method=B_WARM_NEWTON node=7/55 strong=MAX_ITERATIONS full=SUCCESS
P10 tx=616 method=B_WARM_NEWTON node=8/55 strong=TRUST_RADIUS_EXHAUSTED full=SUCCESS
P10 tx=616 method=B_WARM_NEWTON node=9/55 strong=MAX_ITERATIONS full=SUCCESS
P10 tx=616 method=B_WARM_NEWTON node=10/55 strong=TRUST_RADIUS_EXHAUSTED full=SUCCESS
P10 tx=616 method=B_WARM_NEWTON node=11/55 strong=MAX_ITERATIONS full=SUCCESS
P10 tx=616 method=B_WARM_NEWTON node=12/55 strong=TRUST_RADIUS_EXHAUSTED full=SUCCESS
P10 tx=616 method=B_WARM_NEWTON node=13/55 strong=MAX_ITERATIONS full=SUCCESS
P10 tx=616 method=B_WARM_NEWTON node=14/55 strong=MAX_ITERATIONS full=SUCCESS
P10 tx=616 method=B_WARM_NEWTON node=15/55 strong=MAX_ITERATIONS full=SUCCESS
P10 tx=616 method=B_WARM_NEWTON node=16/55 strong=MAX_ITERATIONS full=SUCCESS
P10 tx=616 method=B_WARM_NEWTON node=17/55 strong=MAX_ITERATIONS full=SUCCESS
P10 tx=616 method=B_WARM_NEWTON node=18/55 strong=MAX_ITERATIONS full=SUCCESS
P10 tx=616 method=B_WARM_NEWTON node=19/55 strong=TRUST_RADIUS_EXHAUSTED full=SUCCESS
P10 tx=616 method=B_WARM_NEWTON node=20/55 strong=MAX_ITERATIONS full=SUCCESS
P10 tx=616 method=B_WARM_NEWTON node=21/55 strong=ENERGY_CHANGE_SMALL full=SUCCESS
P10 tx=616 method=B_WARM_NEWTON node=22/55 strong=MAX_ITERATIONS full=SUCCESS
P10 tx=616 method=B_WARM_NEWTON node=23/55 strong=MAX_ITERATIONS full=SUCCESS
P10 tx=616 method=B_WARM_NEWTON node=24/55 strong=MAX_ITERATIONS full=SUCCESS
P10 tx=616 method=B_WARM_NEWTON node=25/55 strong=MAX_ITERATIONS full=SUCCESS
P10 tx=616 method=B_WARM_NEWTON node=26/55 strong=MAX_ITERATIONS full=SUCCESS
P10 tx=616 method=B_WARM_NEWTON node=27/55 strong=MAX_ITERATIONS full=SUCCESS
P10 tx=616 method=B_WARM_NEWTON node=28/55 strong=MAX_ITERATIONS full=SUCCESS
P10 tx=616 method=B_WARM_NEWTON node=29/55 strong=MAX_ITERATIONS full=SUCCESS
P10 tx=616 method=B_WARM_NEWTON node=30/55 strong=MAX_ITERATIONS full=SUCCESS
P10 tx=616 method=B_WARM_NEWTON node=31/55 strong=TRUST_RADIUS_EXHAUSTED full=SUCCESS
P10 tx=616 method=B_WARM_NEWTON node=32/55 strong=MAX_ITERATIONS full=SUCCESS
P10 tx=616 method=B_WARM_NEWTON node=33/55 strong=MAX_ITERATIONS full=SUCCESS
P10 tx=616 method=B_WARM_NEWTON node=34/55 strong=MAX_ITERATIONS full=SUCCESS
P10 tx=616 method=B_WARM_NEWTON node=35/55 strong=MAX_ITERATIONS full=SUCCESS
P10 tx=616 method=B_WARM_NEWTON node=36/55 strong=MAX_ITERATIONS full=SUCCESS
P10 tx=616 method=B_WARM_NEWTON node=37/55 strong=MAX_ITERATIONS full=SUCCESS
P10 tx=616 method=B_WARM_NEWTON node=38/55 strong=MAX_ITERATIONS full=SUCCESS
P10 tx=616 method=B_WARM_NEWTON node=39/55 strong=TRUST_RADIUS_EXHAUSTED full=SUCCESS
P10 tx=616 method=B_WARM_NEWTON node=40/55 strong=MAX_ITERATIONS full=SUCCESS
P10 tx=616 method=B_WARM_NEWTON node=41/55 strong=MAX_ITERATIONS full=SUCCESS
P10 tx=616 method=B_WARM_NEWTON node=42/55 strong=TRUST_RADIUS_EXHAUSTED full=SUCCESS
P10 tx=616 method=B_WARM_NEWTON node=43/55 strong=TRUST_RADIUS_EXHAUSTED full=SUCCESS
P10 tx=616 method=B_WARM_NEWTON node=44/55 strong=MAX_ITERATIONS full=SUCCESS
P10 tx=616 method=B_WARM_NEWTON node=45/55 strong=MAX_ITERATIONS full=SUCCESS
P10 tx=616 method=B_WARM_NEWTON node=46/55 strong=MAX_ITERATIONS full=SUCCESS
P10 tx=616 method=B_WARM_NEWTON node=47/55 strong=MAX_ITERATIONS full=SUCCESS
P10 tx=616 method=B_WARM_NEWTON node=48/55 strong=MAX_ITERATIONS full=SUCCESS
P10 tx=616 method=B_WARM_NEWTON node=49/55 strong=MAX_ITERATIONS full=SUCCESS
P10 tx=616 method=B_WARM_NEWTON node=50/55 strong=MAX_ITERATIONS full=SUCCESS
P10 tx=616 method=B_WARM_NEWTON node=51/55 strong=MAX_ITERATIONS full=SUCCESS
P10 tx=616 method=B_WARM_NEWTON node=52/55 strong=MAX_ITERATIONS full=SUCCESS
P10 tx=616 method=B_WARM_NEWTON node=53/55 strong=MAX_ITERATIONS full=SUCCESS
P10 tx=616 method=B_WARM_NEWTON node=54/55 strong=MAX_ITERATIONS full=SUCCESS
P10 tx=616 method=B_WARM_NEWTON node=55/55 strong=MAX_ITERATIONS full=SUCCESS
P10 tx=616 method=C_COUPLED_PREDICTOR node=1/55 strong=PREDICTOR_ONLY full=SUCCESS
P10 tx=616 method=C_COUPLED_PREDICTOR node=2/55 strong=PREDICTOR_ONLY full=SUCCESS
P10 tx=616 method=C_COUPLED_PREDICTOR node=3/55 strong=PREDICTOR_ONLY full=SUCCESS
P10 tx=616 method=C_COUPLED_PREDICTOR node=4/55 strong=PREDICTOR_ONLY full=SUCCESS
P10 tx=616 method=C_COUPLED_PREDICTOR node=5/55 strong=PREDICTOR_ONLY full=SUCCESS
P10 tx=616 method=C_COUPLED_PREDICTOR node=6/55 strong=PREDICTOR_ONLY full=SUCCESS
P10 tx=616 method=C_COUPLED_PREDICTOR node=7/55 strong=PREDICTOR_ONLY full=SUCCESS
P10 tx=616 method=C_COUPLED_PREDICTOR node=8/55 strong=PREDICTOR_ONLY full=SUCCESS
P10 tx=616 method=C_COUPLED_PREDICTOR node=9/55 strong=PREDICTOR_ONLY full=SUCCESS
P10 tx=616 method=C_COUPLED_PREDICTOR node=10/55 strong=PREDICTOR_ONLY full=SUCCESS
P10 tx=616 method=C_COUPLED_PREDICTOR node=11/55 strong=PREDICTOR_ONLY full=SUCCESS
P10 tx=616 method=C_COUPLED_PREDICTOR node=12/55 strong=PREDICTOR_ONLY full=SUCCESS
P10 tx=616 method=C_COUPLED_PREDICTOR node=13/55 strong=PREDICTOR_ONLY full=SUCCESS
P10 tx=616 method=C_COUPLED_PREDICTOR node=14/55 strong=PREDICTOR_ONLY full=SUCCESS
P10 tx=616 method=C_COUPLED_PREDICTOR node=15/55 strong=PREDICTOR_ONLY full=SUCCESS
P10 tx=616 method=C_COUPLED_PREDICTOR node=16/55 strong=PREDICTOR_ONLY full=SUCCESS
P10 tx=616 method=C_COUPLED_PREDICTOR node=17/55 strong=PREDICTOR_ONLY full=SUCCESS
P10 tx=616 method=C_COUPLED_PREDICTOR node=18/55 strong=PREDICTOR_ONLY full=SUCCESS
P10 tx=616 method=C_COUPLED_PREDICTOR node=19/55 strong=PREDICTOR_ONLY full=SUCCESS
P10 tx=616 method=C_COUPLED_PREDICTOR node=20/55 strong=PREDICTOR_ONLY full=SUCCESS
P10 tx=616 method=C_COUPLED_PREDICTOR node=21/55 strong=PREDICTOR_ONLY full=SUCCESS
P10 tx=616 method=C_COUPLED_PREDICTOR node=22/55 strong=PREDICTOR_ONLY full=SUCCESS
P10 tx=616 method=C_COUPLED_PREDICTOR node=23/55 strong=PREDICTOR_ONLY full=SUCCESS
P10 tx=616 method=C_COUPLED_PREDICTOR node=24/55 strong=PREDICTOR_ONLY full=SUCCESS
P10 tx=616 method=C_COUPLED_PREDICTOR node=25/55 strong=PREDICTOR_ONLY full=SUCCESS
P10 tx=616 method=C_COUPLED_PREDICTOR node=26/55 strong=PREDICTOR_ONLY full=SUCCESS
P10 tx=616 method=C_COUPLED_PREDICTOR node=27/55 strong=PREDICTOR_ONLY full=SUCCESS
P10 tx=616 method=C_COUPLED_PREDICTOR node=28/55 strong=PREDICTOR_ONLY full=SUCCESS
P10 tx=616 method=C_COUPLED_PREDICTOR node=29/55 strong=PREDICTOR_ONLY full=SUCCESS
P10 tx=616 method=C_COUPLED_PREDICTOR node=30/55 strong=PREDICTOR_ONLY full=SUCCESS
P10 tx=616 method=C_COUPLED_PREDICTOR node=31/55 strong=PREDICTOR_ONLY full=SUCCESS
P10 tx=616 method=C_COUPLED_PREDICTOR node=32/55 strong=PREDICTOR_ONLY full=SUCCESS
P10 tx=616 method=C_COUPLED_PREDICTOR node=33/55 strong=PREDICTOR_ONLY full=SUCCESS
P10 tx=616 method=C_COUPLED_PREDICTOR node=34/55 strong=PREDICTOR_ONLY full=SUCCESS
P10 tx=616 method=C_COUPLED_PREDICTOR node=35/55 strong=PREDICTOR_ONLY full=SUCCESS
P10 tx=616 method=C_COUPLED_PREDICTOR node=36/55 strong=PREDICTOR_ONLY full=SUCCESS
P10 tx=616 method=C_COUPLED_PREDICTOR node=37/55 strong=PREDICTOR_ONLY full=SUCCESS
P10 tx=616 method=C_COUPLED_PREDICTOR node=38/55 strong=PREDICTOR_ONLY full=SUCCESS
P10 tx=616 method=C_COUPLED_PREDICTOR node=39/55 strong=PREDICTOR_ONLY full=SUCCESS
P10 tx=616 method=C_COUPLED_PREDICTOR node=40/55 strong=PREDICTOR_ONLY full=SUCCESS
P10 tx=616 method=C_COUPLED_PREDICTOR node=41/55 strong=PREDICTOR_ONLY full=SUCCESS
P10 tx=616 method=C_COUPLED_PREDICTOR node=42/55 strong=PREDICTOR_ONLY full=SUCCESS
P10 tx=616 method=C_COUPLED_PREDICTOR node=43/55 strong=PREDICTOR_ONLY full=SUCCESS
P10 tx=616 method=C_COUPLED_PREDICTOR node=44/55 strong=PREDICTOR_ONLY full=SUCCESS
P10 tx=616 method=C_COUPLED_PREDICTOR node=45/55 strong=PREDICTOR_ONLY full=SUCCESS
P10 tx=616 method=C_COUPLED_PREDICTOR node=46/55 strong=PREDICTOR_ONLY full=SUCCESS
P10 tx=616 method=C_COUPLED_PREDICTOR node=47/55 strong=PREDICTOR_ONLY full=SUCCESS
P10 tx=616 method=C_COUPLED_PREDICTOR node=48/55 strong=PREDICTOR_ONLY full=SUCCESS
P10 tx=616 method=C_COUPLED_PREDICTOR node=49/55 strong=PREDICTOR_ONLY full=SUCCESS
P10 tx=616 method=C_COUPLED_PREDICTOR node=50/55 strong=PREDICTOR_ONLY full=SUCCESS
P10 tx=616 method=C_COUPLED_PREDICTOR node=51/55 strong=PREDICTOR_ONLY full=SUCCESS
P10 tx=616 method=C_COUPLED_PREDICTOR node=52/55 strong=PREDICTOR_ONLY full=SUCCESS
P10 tx=616 method=C_COUPLED_PREDICTOR node=53/55 strong=PREDICTOR_ONLY full=SUCCESS
P10 tx=616 method=C_COUPLED_PREDICTOR node=54/55 strong=PREDICTOR_ONLY full=SUCCESS
P10 tx=616 method=C_COUPLED_PREDICTOR node=55/55 strong=PREDICTOR_ONLY full=SUCCESS
P10 tx=616 method=D_COUPLED_CORRECTOR node=1/55 strong=STEP_SMALL full=SUCCESS
P10 tx=616 method=D_COUPLED_CORRECTOR node=2/55 strong=MAX_ITERATIONS full=SUCCESS
P10 tx=616 method=D_COUPLED_CORRECTOR node=3/55 strong=MAX_ITERATIONS full=SUCCESS
P10 tx=616 method=D_COUPLED_CORRECTOR node=4/55 strong=MAX_ITERATIONS full=SUCCESS
P10 tx=616 method=D_COUPLED_CORRECTOR node=5/55 strong=ENERGY_CHANGE_SMALL full=SUCCESS
P10 tx=616 method=D_COUPLED_CORRECTOR node=6/55 strong=TRUST_RADIUS_EXHAUSTED full=SUCCESS
P10 tx=616 method=D_COUPLED_CORRECTOR node=7/55 strong=MAX_ITERATIONS full=SUCCESS
P10 tx=616 method=D_COUPLED_CORRECTOR node=8/55 strong=MAX_ITERATIONS full=SUCCESS
P10 tx=616 method=D_COUPLED_CORRECTOR node=9/55 strong=MAX_ITERATIONS full=SUCCESS
P10 tx=616 method=D_COUPLED_CORRECTOR node=10/55 strong=TRUST_RADIUS_EXHAUSTED full=SUCCESS
P10 tx=616 method=D_COUPLED_CORRECTOR node=11/55 strong=TRUST_RADIUS_EXHAUSTED full=SUCCESS
P10 tx=616 method=D_COUPLED_CORRECTOR node=12/55 strong=MAX_ITERATIONS full=SUCCESS
P10 tx=616 method=D_COUPLED_CORRECTOR node=13/55 strong=TRUST_RADIUS_EXHAUSTED full=SUCCESS
P10 tx=616 method=D_COUPLED_CORRECTOR node=14/55 strong=MAX_ITERATIONS full=SUCCESS
P10 tx=616 method=D_COUPLED_CORRECTOR node=15/55 strong=TRUST_RADIUS_EXHAUSTED full=SUCCESS
P10 tx=616 method=D_COUPLED_CORRECTOR node=16/55 strong=MAX_ITERATIONS full=SUCCESS
P10 tx=616 method=D_COUPLED_CORRECTOR node=17/55 strong=MAX_ITERATIONS full=SUCCESS
P10 tx=616 method=D_COUPLED_CORRECTOR node=18/55 strong=TRUST_RADIUS_EXHAUSTED full=SUCCESS
P10 tx=616 method=D_COUPLED_CORRECTOR node=19/55 strong=MAX_ITERATIONS full=SUCCESS
P10 tx=616 method=D_COUPLED_CORRECTOR node=20/55 strong=MAX_ITERATIONS full=SUCCESS
P10 tx=616 method=D_COUPLED_CORRECTOR node=21/55 strong=TRUST_RADIUS_EXHAUSTED full=SUCCESS
P10 tx=616 method=D_COUPLED_CORRECTOR node=22/55 strong=MAX_ITERATIONS full=SUCCESS
P10 tx=616 method=D_COUPLED_CORRECTOR node=23/55 strong=MAX_ITERATIONS full=SUCCESS
P10 tx=616 method=D_COUPLED_CORRECTOR node=24/55 strong=MAX_ITERATIONS full=SUCCESS
P10 tx=616 method=D_COUPLED_CORRECTOR node=25/55 strong=MAX_ITERATIONS full=SUCCESS
P10 tx=616 method=D_COUPLED_CORRECTOR node=26/55 strong=MAX_ITERATIONS full=SUCCESS
P10 tx=616 method=D_COUPLED_CORRECTOR node=27/55 strong=MAX_ITERATIONS full=SUCCESS
P10 tx=616 method=D_COUPLED_CORRECTOR node=28/55 strong=MAX_ITERATIONS full=SUCCESS
P10 tx=616 method=D_COUPLED_CORRECTOR node=29/55 strong=MAX_ITERATIONS full=SUCCESS
P10 tx=616 method=D_COUPLED_CORRECTOR node=30/55 strong=MAX_ITERATIONS full=SUCCESS
P10 tx=616 method=D_COUPLED_CORRECTOR node=31/55 strong=MAX_ITERATIONS full=SUCCESS
P10 tx=616 method=D_COUPLED_CORRECTOR node=32/55 strong=MAX_ITERATIONS full=SUCCESS
P10 tx=616 method=D_COUPLED_CORRECTOR node=33/55 strong=MAX_ITERATIONS full=SUCCESS
P10 tx=616 method=D_COUPLED_CORRECTOR node=34/55 strong=MAX_ITERATIONS full=SUCCESS
P10 tx=616 method=D_COUPLED_CORRECTOR node=35/55 strong=TRUST_RADIUS_EXHAUSTED full=SUCCESS
P10 tx=616 method=D_COUPLED_CORRECTOR node=36/55 strong=MAX_ITERATIONS full=SUCCESS
P10 tx=616 method=D_COUPLED_CORRECTOR node=37/55 strong=TRUST_RADIUS_EXHAUSTED full=SUCCESS
P10 tx=616 method=D_COUPLED_CORRECTOR node=38/55 strong=MAX_ITERATIONS full=SUCCESS
P10 tx=616 method=D_COUPLED_CORRECTOR node=39/55 strong=MAX_ITERATIONS full=SUCCESS
P10 tx=616 method=D_COUPLED_CORRECTOR node=40/55 strong=TRUST_RADIUS_EXHAUSTED full=SUCCESS
P10 tx=616 method=D_COUPLED_CORRECTOR node=41/55 strong=MAX_ITERATIONS full=SUCCESS
P10 tx=616 method=D_COUPLED_CORRECTOR node=42/55 strong=MAX_ITERATIONS full=SUCCESS
P10 tx=616 method=D_COUPLED_CORRECTOR node=43/55 strong=MAX_ITERATIONS full=SUCCESS
P10 tx=616 method=D_COUPLED_CORRECTOR node=44/55 strong=TRUST_RADIUS_EXHAUSTED full=SUCCESS
P10 tx=616 method=D_COUPLED_CORRECTOR node=45/55 strong=MAX_ITERATIONS full=SUCCESS
P10 tx=616 method=D_COUPLED_CORRECTOR node=46/55 strong=TRUST_RADIUS_EXHAUSTED full=SUCCESS
P10 tx=616 method=D_COUPLED_CORRECTOR node=47/55 strong=MAX_ITERATIONS full=SUCCESS
P10 tx=616 method=D_COUPLED_CORRECTOR node=48/55 strong=MAX_ITERATIONS full=SUCCESS
P10 tx=616 method=D_COUPLED_CORRECTOR node=49/55 strong=TRUST_RADIUS_EXHAUSTED full=SUCCESS
P10 tx=616 method=D_COUPLED_CORRECTOR node=50/55 strong=TRUST_RADIUS_EXHAUSTED full=SUCCESS
P10 tx=616 method=D_COUPLED_CORRECTOR node=51/55 strong=MAX_ITERATIONS full=SUCCESS
P10 tx=616 method=D_COUPLED_CORRECTOR node=52/55 strong=TRUST_RADIUS_EXHAUSTED full=SUCCESS
P10 tx=616 method=D_COUPLED_CORRECTOR node=53/55 strong=MAX_ITERATIONS full=SUCCESS
P10 tx=616 method=D_COUPLED_CORRECTOR node=54/55 strong=MAX_ITERATIONS full=SUCCESS
P10 tx=616 method=D_COUPLED_CORRECTOR node=55/55 strong=ENERGY_CHANGE_SMALL full=SUCCESS
P10 tx=2226 method=ORIGINAL_NDT node=1/1 strong=BASELINE full=SUCCESS
P10 tx=2226 method=A_WEAK_ONLY node=1/51 strong=WEAK_ONLY full=SUCCESS
P10 tx=2226 method=A_WEAK_ONLY node=2/51 strong=WEAK_ONLY full=SUCCESS
P10 tx=2226 method=A_WEAK_ONLY node=3/51 strong=WEAK_ONLY full=SUCCESS
P10 tx=2226 method=A_WEAK_ONLY node=4/51 strong=WEAK_ONLY full=SUCCESS
P10 tx=2226 method=A_WEAK_ONLY node=5/51 strong=WEAK_ONLY full=SUCCESS
P10 tx=2226 method=A_WEAK_ONLY node=6/51 strong=WEAK_ONLY full=SUCCESS
P10 tx=2226 method=A_WEAK_ONLY node=7/51 strong=WEAK_ONLY full=SUCCESS
P10 tx=2226 method=A_WEAK_ONLY node=8/51 strong=WEAK_ONLY full=SUCCESS
P10 tx=2226 method=A_WEAK_ONLY node=9/51 strong=WEAK_ONLY full=SUCCESS
P10 tx=2226 method=A_WEAK_ONLY node=10/51 strong=WEAK_ONLY full=SUCCESS
P10 tx=2226 method=A_WEAK_ONLY node=11/51 strong=WEAK_ONLY full=SUCCESS
P10 tx=2226 method=A_WEAK_ONLY node=12/51 strong=WEAK_ONLY full=SUCCESS
P10 tx=2226 method=A_WEAK_ONLY node=13/51 strong=WEAK_ONLY full=SUCCESS
P10 tx=2226 method=A_WEAK_ONLY node=14/51 strong=WEAK_ONLY full=SUCCESS
P10 tx=2226 method=A_WEAK_ONLY node=15/51 strong=WEAK_ONLY full=SUCCESS
P10 tx=2226 method=A_WEAK_ONLY node=16/51 strong=WEAK_ONLY full=SUCCESS
P10 tx=2226 method=A_WEAK_ONLY node=17/51 strong=WEAK_ONLY full=SUCCESS
P10 tx=2226 method=A_WEAK_ONLY node=18/51 strong=WEAK_ONLY full=SUCCESS
P10 tx=2226 method=A_WEAK_ONLY node=19/51 strong=WEAK_ONLY full=SUCCESS
P10 tx=2226 method=A_WEAK_ONLY node=20/51 strong=WEAK_ONLY full=SUCCESS
P10 tx=2226 method=A_WEAK_ONLY node=21/51 strong=WEAK_ONLY full=SUCCESS
P10 tx=2226 method=A_WEAK_ONLY node=22/51 strong=WEAK_ONLY full=SUCCESS
P10 tx=2226 method=A_WEAK_ONLY node=23/51 strong=WEAK_ONLY full=SUCCESS
P10 tx=2226 method=A_WEAK_ONLY node=24/51 strong=WEAK_ONLY full=SUCCESS
P10 tx=2226 method=A_WEAK_ONLY node=25/51 strong=WEAK_ONLY full=SUCCESS
P10 tx=2226 method=A_WEAK_ONLY node=26/51 strong=WEAK_ONLY full=SUCCESS
P10 tx=2226 method=A_WEAK_ONLY node=27/51 strong=WEAK_ONLY full=SUCCESS
P10 tx=2226 method=A_WEAK_ONLY node=28/51 strong=WEAK_ONLY full=SUCCESS
P10 tx=2226 method=A_WEAK_ONLY node=29/51 strong=WEAK_ONLY full=SUCCESS
P10 tx=2226 method=A_WEAK_ONLY node=30/51 strong=WEAK_ONLY full=SUCCESS
P10 tx=2226 method=A_WEAK_ONLY node=31/51 strong=WEAK_ONLY full=SUCCESS
P10 tx=2226 method=A_WEAK_ONLY node=32/51 strong=WEAK_ONLY full=SUCCESS
P10 tx=2226 method=A_WEAK_ONLY node=33/51 strong=WEAK_ONLY full=SUCCESS
P10 tx=2226 method=A_WEAK_ONLY node=34/51 strong=WEAK_ONLY full=SUCCESS
P10 tx=2226 method=A_WEAK_ONLY node=35/51 strong=WEAK_ONLY full=SUCCESS
P10 tx=2226 method=A_WEAK_ONLY node=36/51 strong=WEAK_ONLY full=SUCCESS
P10 tx=2226 method=A_WEAK_ONLY node=37/51 strong=WEAK_ONLY full=SUCCESS
P10 tx=2226 method=A_WEAK_ONLY node=38/51 strong=WEAK_ONLY full=SUCCESS
P10 tx=2226 method=A_WEAK_ONLY node=39/51 strong=WEAK_ONLY full=SUCCESS
P10 tx=2226 method=A_WEAK_ONLY node=40/51 strong=WEAK_ONLY full=SUCCESS
P10 tx=2226 method=A_WEAK_ONLY node=41/51 strong=WEAK_ONLY full=SUCCESS
P10 tx=2226 method=A_WEAK_ONLY node=42/51 strong=WEAK_ONLY full=SUCCESS
P10 tx=2226 method=A_WEAK_ONLY node=43/51 strong=WEAK_ONLY full=SUCCESS
P10 tx=2226 method=A_WEAK_ONLY node=44/51 strong=WEAK_ONLY full=SUCCESS
P10 tx=2226 method=A_WEAK_ONLY node=45/51 strong=WEAK_ONLY full=SUCCESS
P10 tx=2226 method=A_WEAK_ONLY node=46/51 strong=WEAK_ONLY full=SUCCESS
P10 tx=2226 method=A_WEAK_ONLY node=47/51 strong=WEAK_ONLY full=SUCCESS
P10 tx=2226 method=A_WEAK_ONLY node=48/51 strong=WEAK_ONLY full=SUCCESS
P10 tx=2226 method=A_WEAK_ONLY node=49/51 strong=WEAK_ONLY full=SUCCESS
P10 tx=2226 method=A_WEAK_ONLY node=50/51 strong=WEAK_ONLY full=SUCCESS
P10 tx=2226 method=A_WEAK_ONLY node=51/51 strong=WEAK_ONLY full=SUCCESS
P10 tx=2226 method=B_WARM_NEWTON node=1/51 strong=TRUST_RADIUS_EXHAUSTED full=SUCCESS
P10 tx=2226 method=B_WARM_NEWTON node=2/51 strong=MAX_ITERATIONS full=SUCCESS
P10 tx=2226 method=B_WARM_NEWTON node=3/51 strong=MAX_ITERATIONS full=SUCCESS
P10 tx=2226 method=B_WARM_NEWTON node=4/51 strong=MAX_ITERATIONS full=SUCCESS
P10 tx=2226 method=B_WARM_NEWTON node=5/51 strong=MAX_ITERATIONS full=SUCCESS
P10 tx=2226 method=B_WARM_NEWTON node=6/51 strong=MAX_ITERATIONS full=SUCCESS
P10 tx=2226 method=B_WARM_NEWTON node=7/51 strong=TRUST_RADIUS_EXHAUSTED full=SUCCESS
P10 tx=2226 method=B_WARM_NEWTON node=8/51 strong=TRUST_RADIUS_EXHAUSTED full=SUCCESS
P10 tx=2226 method=B_WARM_NEWTON node=9/51 strong=ENERGY_CHANGE_SMALL full=SUCCESS
P10 tx=2226 method=B_WARM_NEWTON node=10/51 strong=TRUST_RADIUS_EXHAUSTED full=SUCCESS
P10 tx=2226 method=B_WARM_NEWTON node=11/51 strong=MAX_ITERATIONS full=SUCCESS
P10 tx=2226 method=B_WARM_NEWTON node=12/51 strong=MAX_ITERATIONS full=SUCCESS
P10 tx=2226 method=B_WARM_NEWTON node=13/51 strong=MAX_ITERATIONS full=SUCCESS
P10 tx=2226 method=B_WARM_NEWTON node=14/51 strong=TRUST_RADIUS_EXHAUSTED full=SUCCESS
P10 tx=2226 method=B_WARM_NEWTON node=15/51 strong=TRUST_RADIUS_EXHAUSTED full=SUCCESS
P10 tx=2226 method=B_WARM_NEWTON node=16/51 strong=MAX_ITERATIONS full=SUCCESS
P10 tx=2226 method=B_WARM_NEWTON node=17/51 strong=TRUST_RADIUS_EXHAUSTED full=SUCCESS
P10 tx=2226 method=B_WARM_NEWTON node=18/51 strong=TRUST_RADIUS_EXHAUSTED full=SUCCESS
P10 tx=2226 method=B_WARM_NEWTON node=19/51 strong=TRUST_RADIUS_EXHAUSTED full=SUCCESS
P10 tx=2226 method=B_WARM_NEWTON node=20/51 strong=MAX_ITERATIONS full=SUCCESS
P10 tx=2226 method=B_WARM_NEWTON node=21/51 strong=TRUST_RADIUS_EXHAUSTED full=SUCCESS
P10 tx=2226 method=B_WARM_NEWTON node=22/51 strong=MAX_ITERATIONS full=SUCCESS
P10 tx=2226 method=B_WARM_NEWTON node=23/51 strong=TRUST_RADIUS_EXHAUSTED full=SUCCESS
P10 tx=2226 method=B_WARM_NEWTON node=24/51 strong=TRUST_RADIUS_EXHAUSTED full=SUCCESS
P10 tx=2226 method=B_WARM_NEWTON node=25/51 strong=TRUST_RADIUS_EXHAUSTED full=SUCCESS
P10 tx=2226 method=B_WARM_NEWTON node=26/51 strong=MAX_ITERATIONS full=SUCCESS
P10 tx=2226 method=B_WARM_NEWTON node=27/51 strong=MAX_ITERATIONS full=SUCCESS
P10 tx=2226 method=B_WARM_NEWTON node=28/51 strong=TRUST_RADIUS_EXHAUSTED full=SUCCESS
P10 tx=2226 method=B_WARM_NEWTON node=29/51 strong=MAX_ITERATIONS full=SUCCESS
P10 tx=2226 method=B_WARM_NEWTON node=30/51 strong=TRUST_RADIUS_EXHAUSTED full=SUCCESS
P10 tx=2226 method=B_WARM_NEWTON node=31/51 strong=TRUST_RADIUS_EXHAUSTED full=SUCCESS
P10 tx=2226 method=B_WARM_NEWTON node=32/51 strong=MAX_ITERATIONS full=SUCCESS
P10 tx=2226 method=B_WARM_NEWTON node=33/51 strong=TRUST_RADIUS_EXHAUSTED full=SUCCESS
P10 tx=2226 method=B_WARM_NEWTON node=34/51 strong=MAX_ITERATIONS full=SUCCESS
P10 tx=2226 method=B_WARM_NEWTON node=35/51 strong=TRUST_RADIUS_EXHAUSTED full=SUCCESS
P10 tx=2226 method=B_WARM_NEWTON node=36/51 strong=MAX_ITERATIONS full=SUCCESS
P10 tx=2226 method=B_WARM_NEWTON node=37/51 strong=ENERGY_CHANGE_SMALL full=SUCCESS
P10 tx=2226 method=B_WARM_NEWTON node=38/51 strong=MAX_ITERATIONS full=ITERATION_LIMIT
P10 tx=2226 method=B_WARM_NEWTON node=39/51 strong=TRUST_RADIUS_EXHAUSTED full=SUCCESS
P10 tx=2226 method=B_WARM_NEWTON node=40/51 strong=TRUST_RADIUS_EXHAUSTED full=SUCCESS
P10 tx=2226 method=B_WARM_NEWTON node=41/51 strong=TRUST_RADIUS_EXHAUSTED full=SUCCESS
P10 tx=2226 method=B_WARM_NEWTON node=42/51 strong=TRUST_RADIUS_EXHAUSTED full=ITERATION_LIMIT
P10 tx=2226 method=B_WARM_NEWTON node=43/51 strong=TRUST_RADIUS_EXHAUSTED full=SUCCESS
P10 tx=2226 method=B_WARM_NEWTON node=44/51 strong=TRUST_RADIUS_EXHAUSTED full=ITERATION_LIMIT
P10 tx=2226 method=B_WARM_NEWTON node=45/51 strong=MAX_ITERATIONS full=SUCCESS
P10 tx=2226 method=B_WARM_NEWTON node=46/51 strong=MAX_ITERATIONS full=SUCCESS
P10 tx=2226 method=B_WARM_NEWTON node=47/51 strong=MAX_ITERATIONS full=SUCCESS
P10 tx=2226 method=B_WARM_NEWTON node=48/51 strong=TRUST_RADIUS_EXHAUSTED full=SUCCESS
P10 tx=2226 method=B_WARM_NEWTON node=49/51 strong=MAX_ITERATIONS full=SUCCESS
P10 tx=2226 method=B_WARM_NEWTON node=50/51 strong=MAX_ITERATIONS full=SUCCESS
P10 tx=2226 method=B_WARM_NEWTON node=51/51 strong=MAX_ITERATIONS full=SUCCESS
P10 tx=2226 method=C_COUPLED_PREDICTOR node=1/51 strong=PREDICTOR_ONLY full=SUCCESS
P10 tx=2226 method=C_COUPLED_PREDICTOR node=2/51 strong=PREDICTOR_ONLY full=SUCCESS
P10 tx=2226 method=C_COUPLED_PREDICTOR node=3/51 strong=PREDICTOR_ONLY full=SUCCESS
P10 tx=2226 method=C_COUPLED_PREDICTOR node=4/51 strong=PREDICTOR_ONLY full=SUCCESS
P10 tx=2226 method=C_COUPLED_PREDICTOR node=5/51 strong=PREDICTOR_ONLY full=SUCCESS
P10 tx=2226 method=C_COUPLED_PREDICTOR node=6/51 strong=PREDICTOR_ONLY full=SUCCESS
P10 tx=2226 method=C_COUPLED_PREDICTOR node=7/51 strong=PREDICTOR_ONLY full=SUCCESS
P10 tx=2226 method=C_COUPLED_PREDICTOR node=8/51 strong=PREDICTOR_ONLY full=SUCCESS
P10 tx=2226 method=C_COUPLED_PREDICTOR node=9/51 strong=PREDICTOR_ONLY full=SUCCESS
P10 tx=2226 method=C_COUPLED_PREDICTOR node=10/51 strong=PREDICTOR_ONLY full=SUCCESS
P10 tx=2226 method=C_COUPLED_PREDICTOR node=11/51 strong=PREDICTOR_ONLY full=SUCCESS
P10 tx=2226 method=C_COUPLED_PREDICTOR node=12/51 strong=PREDICTOR_ONLY full=SUCCESS
P10 tx=2226 method=C_COUPLED_PREDICTOR node=13/51 strong=PREDICTOR_ONLY full=SUCCESS
P10 tx=2226 method=C_COUPLED_PREDICTOR node=14/51 strong=PREDICTOR_ONLY full=SUCCESS
P10 tx=2226 method=C_COUPLED_PREDICTOR node=15/51 strong=PREDICTOR_ONLY full=SUCCESS
P10 tx=2226 method=C_COUPLED_PREDICTOR node=16/51 strong=PREDICTOR_ONLY full=SUCCESS
P10 tx=2226 method=C_COUPLED_PREDICTOR node=17/51 strong=PREDICTOR_ONLY full=SUCCESS
P10 tx=2226 method=C_COUPLED_PREDICTOR node=18/51 strong=PREDICTOR_ONLY full=SUCCESS
P10 tx=2226 method=C_COUPLED_PREDICTOR node=19/51 strong=PREDICTOR_ONLY full=SUCCESS
P10 tx=2226 method=C_COUPLED_PREDICTOR node=20/51 strong=PREDICTOR_ONLY full=SUCCESS
P10 tx=2226 method=C_COUPLED_PREDICTOR node=21/51 strong=PREDICTOR_ONLY full=SUCCESS
P10 tx=2226 method=C_COUPLED_PREDICTOR node=22/51 strong=PREDICTOR_ONLY full=SUCCESS
P10 tx=2226 method=C_COUPLED_PREDICTOR node=23/51 strong=PREDICTOR_ONLY full=SUCCESS
P10 tx=2226 method=C_COUPLED_PREDICTOR node=24/51 strong=PREDICTOR_ONLY full=SUCCESS
P10 tx=2226 method=C_COUPLED_PREDICTOR node=25/51 strong=PREDICTOR_ONLY full=SUCCESS
P10 tx=2226 method=C_COUPLED_PREDICTOR node=26/51 strong=PREDICTOR_ONLY full=ITERATION_LIMIT
P10 tx=2226 method=C_COUPLED_PREDICTOR node=27/51 strong=PREDICTOR_ONLY full=SUCCESS
P10 tx=2226 method=C_COUPLED_PREDICTOR node=28/51 strong=PREDICTOR_ONLY full=SUCCESS
P10 tx=2226 method=C_COUPLED_PREDICTOR node=29/51 strong=PREDICTOR_ONLY full=SUCCESS
P10 tx=2226 method=C_COUPLED_PREDICTOR node=30/51 strong=PREDICTOR_ONLY full=SUCCESS
P10 tx=2226 method=C_COUPLED_PREDICTOR node=31/51 strong=PREDICTOR_ONLY full=SUCCESS
P10 tx=2226 method=C_COUPLED_PREDICTOR node=32/51 strong=PREDICTOR_ONLY full=SUCCESS
P10 tx=2226 method=C_COUPLED_PREDICTOR node=33/51 strong=PREDICTOR_ONLY full=SUCCESS
P10 tx=2226 method=C_COUPLED_PREDICTOR node=34/51 strong=PREDICTOR_ONLY full=SUCCESS
P10 tx=2226 method=C_COUPLED_PREDICTOR node=35/51 strong=PREDICTOR_ONLY full=SUCCESS
P10 tx=2226 method=C_COUPLED_PREDICTOR node=36/51 strong=PREDICTOR_ONLY full=SUCCESS
P10 tx=2226 method=C_COUPLED_PREDICTOR node=37/51 strong=PREDICTOR_ONLY full=SUCCESS
P10 tx=2226 method=C_COUPLED_PREDICTOR node=38/51 strong=PREDICTOR_ONLY full=SUCCESS
P10 tx=2226 method=C_COUPLED_PREDICTOR node=39/51 strong=PREDICTOR_ONLY full=SUCCESS
P10 tx=2226 method=C_COUPLED_PREDICTOR node=40/51 strong=PREDICTOR_ONLY full=SUCCESS
P10 tx=2226 method=C_COUPLED_PREDICTOR node=41/51 strong=PREDICTOR_ONLY full=SUCCESS
P10 tx=2226 method=C_COUPLED_PREDICTOR node=42/51 strong=PREDICTOR_ONLY full=SUCCESS
P10 tx=2226 method=C_COUPLED_PREDICTOR node=43/51 strong=PREDICTOR_ONLY full=SUCCESS
P10 tx=2226 method=C_COUPLED_PREDICTOR node=44/51 strong=PREDICTOR_ONLY full=SUCCESS
P10 tx=2226 method=C_COUPLED_PREDICTOR node=45/51 strong=PREDICTOR_ONLY full=SUCCESS
P10 tx=2226 method=C_COUPLED_PREDICTOR node=46/51 strong=PREDICTOR_ONLY full=SUCCESS
P10 tx=2226 method=C_COUPLED_PREDICTOR node=47/51 strong=PREDICTOR_ONLY full=SUCCESS
P10 tx=2226 method=C_COUPLED_PREDICTOR node=48/51 strong=PREDICTOR_ONLY full=SUCCESS
P10 tx=2226 method=C_COUPLED_PREDICTOR node=49/51 strong=PREDICTOR_ONLY full=SUCCESS
P10 tx=2226 method=C_COUPLED_PREDICTOR node=50/51 strong=PREDICTOR_ONLY full=SUCCESS
P10 tx=2226 method=C_COUPLED_PREDICTOR node=51/51 strong=PREDICTOR_ONLY full=SUCCESS
P10 tx=2226 method=D_COUPLED_CORRECTOR node=1/51 strong=TRUST_RADIUS_EXHAUSTED full=SUCCESS
P10 tx=2226 method=D_COUPLED_CORRECTOR node=2/51 strong=MAX_ITERATIONS full=SUCCESS
P10 tx=2226 method=D_COUPLED_CORRECTOR node=3/51 strong=TRUST_RADIUS_EXHAUSTED full=SUCCESS
P10 tx=2226 method=D_COUPLED_CORRECTOR node=4/51 strong=MAX_ITERATIONS full=SUCCESS
P10 tx=2226 method=D_COUPLED_CORRECTOR node=5/51 strong=MAX_ITERATIONS full=SUCCESS
P10 tx=2226 method=D_COUPLED_CORRECTOR node=6/51 strong=MAX_ITERATIONS full=SUCCESS
P10 tx=2226 method=D_COUPLED_CORRECTOR node=7/51 strong=ENERGY_CHANGE_SMALL full=SUCCESS
P10 tx=2226 method=D_COUPLED_CORRECTOR node=8/51 strong=TRUST_RADIUS_EXHAUSTED full=SUCCESS
P10 tx=2226 method=D_COUPLED_CORRECTOR node=9/51 strong=ENERGY_CHANGE_SMALL full=SUCCESS
P10 tx=2226 method=D_COUPLED_CORRECTOR node=10/51 strong=MAX_ITERATIONS full=SUCCESS
P10 tx=2226 method=D_COUPLED_CORRECTOR node=11/51 strong=MAX_ITERATIONS full=SUCCESS
P10 tx=2226 method=D_COUPLED_CORRECTOR node=12/51 strong=MAX_ITERATIONS full=SUCCESS
P10 tx=2226 method=D_COUPLED_CORRECTOR node=13/51 strong=MAX_ITERATIONS full=SUCCESS
P10 tx=2226 method=D_COUPLED_CORRECTOR node=14/51 strong=MAX_ITERATIONS full=SUCCESS
P10 tx=2226 method=D_COUPLED_CORRECTOR node=15/51 strong=TRUST_RADIUS_EXHAUSTED full=SUCCESS
P10 tx=2226 method=D_COUPLED_CORRECTOR node=16/51 strong=MAX_ITERATIONS full=SUCCESS
P10 tx=2226 method=D_COUPLED_CORRECTOR node=17/51 strong=TRUST_RADIUS_EXHAUSTED full=SUCCESS
P10 tx=2226 method=D_COUPLED_CORRECTOR node=18/51 strong=TRUST_RADIUS_EXHAUSTED full=SUCCESS
P10 tx=2226 method=D_COUPLED_CORRECTOR node=19/51 strong=MAX_ITERATIONS full=SUCCESS
P10 tx=2226 method=D_COUPLED_CORRECTOR node=20/51 strong=MAX_ITERATIONS full=SUCCESS
P10 tx=2226 method=D_COUPLED_CORRECTOR node=21/51 strong=TRUST_RADIUS_EXHAUSTED full=SUCCESS
P10 tx=2226 method=D_COUPLED_CORRECTOR node=22/51 strong=MAX_ITERATIONS full=SUCCESS
P10 tx=2226 method=D_COUPLED_CORRECTOR node=23/51 strong=TRUST_RADIUS_EXHAUSTED full=SUCCESS
P10 tx=2226 method=D_COUPLED_CORRECTOR node=24/51 strong=TRUST_RADIUS_EXHAUSTED full=SUCCESS
P10 tx=2226 method=D_COUPLED_CORRECTOR node=25/51 strong=MAX_ITERATIONS full=SUCCESS
P10 tx=2226 method=D_COUPLED_CORRECTOR node=26/51 strong=MAX_ITERATIONS full=SUCCESS
P10 tx=2226 method=D_COUPLED_CORRECTOR node=27/51 strong=MAX_ITERATIONS full=SUCCESS
P10 tx=2226 method=D_COUPLED_CORRECTOR node=28/51 strong=MAX_ITERATIONS full=SUCCESS
P10 tx=2226 method=D_COUPLED_CORRECTOR node=29/51 strong=TRUST_RADIUS_EXHAUSTED full=SUCCESS
P10 tx=2226 method=D_COUPLED_CORRECTOR node=30/51 strong=TRUST_RADIUS_EXHAUSTED full=SUCCESS
P10 tx=2226 method=D_COUPLED_CORRECTOR node=31/51 strong=MAX_ITERATIONS full=SUCCESS
P10 tx=2226 method=D_COUPLED_CORRECTOR node=32/51 strong=MAX_ITERATIONS full=SUCCESS
P10 tx=2226 method=D_COUPLED_CORRECTOR node=33/51 strong=MAX_ITERATIONS full=SUCCESS
P10 tx=2226 method=D_COUPLED_CORRECTOR node=34/51 strong=MAX_ITERATIONS full=SUCCESS
P10 tx=2226 method=D_COUPLED_CORRECTOR node=35/51 strong=TRUST_RADIUS_EXHAUSTED full=SUCCESS
P10 tx=2226 method=D_COUPLED_CORRECTOR node=36/51 strong=TRUST_RADIUS_EXHAUSTED full=SUCCESS
P10 tx=2226 method=D_COUPLED_CORRECTOR node=37/51 strong=MAX_ITERATIONS full=SUCCESS
P10 tx=2226 method=D_COUPLED_CORRECTOR node=38/51 strong=MAX_ITERATIONS full=ITERATION_LIMIT
P10 tx=2226 method=D_COUPLED_CORRECTOR node=39/51 strong=TRUST_RADIUS_EXHAUSTED full=SUCCESS
P10 tx=2226 method=D_COUPLED_CORRECTOR node=40/51 strong=MAX_ITERATIONS full=SUCCESS
P10 tx=2226 method=D_COUPLED_CORRECTOR node=41/51 strong=MAX_ITERATIONS full=SUCCESS
P10 tx=2226 method=D_COUPLED_CORRECTOR node=42/51 strong=MAX_ITERATIONS full=SUCCESS
P10 tx=2226 method=D_COUPLED_CORRECTOR node=43/51 strong=MAX_ITERATIONS full=SUCCESS
P10 tx=2226 method=D_COUPLED_CORRECTOR node=44/51 strong=MAX_ITERATIONS full=SUCCESS
P10 tx=2226 method=D_COUPLED_CORRECTOR node=45/51 strong=MAX_ITERATIONS full=SUCCESS
P10 tx=2226 method=D_COUPLED_CORRECTOR node=46/51 strong=MAX_ITERATIONS full=SUCCESS
P10 tx=2226 method=D_COUPLED_CORRECTOR node=47/51 strong=TRUST_RADIUS_EXHAUSTED full=SUCCESS
P10 tx=2226 method=D_COUPLED_CORRECTOR node=48/51 strong=TRUST_RADIUS_EXHAUSTED full=SUCCESS
P10 tx=2226 method=D_COUPLED_CORRECTOR node=49/51 strong=MAX_ITERATIONS full=SUCCESS
P10 tx=2226 method=D_COUPLED_CORRECTOR node=50/51 strong=MAX_ITERATIONS full=SUCCESS
P10 tx=2226 method=D_COUPLED_CORRECTOR node=51/51 strong=MAX_ITERATIONS full=SUCCESS
