[  0%] Built target _dog_prior_map_interfaces_generate_messages_check_deps_NdtSessionControlAck
[  0%] Built target std_msgs_generate_messages_lisp
[  0%] Built target sensor_msgs_generate_messages_lisp
[  0%] Built target _dog_prior_map_interfaces_generate_messages_check_deps_NdtSessionControl
[  0%] Built target geometry_msgs_generate_messages_lisp
[  0%] Built target _dog_prior_map_interfaces_generate_messages_check_deps_NdtScanRequest
[  0%] Built target _dog_prior_map_interfaces_generate_messages_check_deps_NdtScanResult
[  0%] Built target _dog_prior_map_interfaces_generate_messages_check_deps_NdtScanAck
[  0%] Built target _dog_prior_map_interfaces_generate_messages_check_deps_NdtServerStatus
[ 10%] Built target dog_prior_map_interfaces_generate_messages_lisp
[ 10%] Built target sensor_msgs_generate_messages_cpp
[ 10%] Built target std_msgs_generate_messages_cpp
[ 10%] Built target geometry_msgs_generate_messages_cpp
[ 21%] Built target dog_prior_map_interfaces_generate_messages_cpp
[ 21%] Built target std_msgs_generate_messages_py
[ 21%] Built target sensor_msgs_generate_messages_py
[ 21%] Built target geometry_msgs_generate_messages_py
[ 33%] Built target dog_prior_map_interfaces_generate_messages_py
[ 33%] Built target std_msgs_generate_messages_nodejs
[ 33%] Built target sensor_msgs_generate_messages_nodejs
[ 33%] Built target geometry_msgs_generate_messages_nodejs
[ 43%] Built target dog_prior_map_interfaces_generate_messages_nodejs
[ 43%] Built target sensor_msgs_generate_messages_eus
[ 43%] Built target std_msgs_generate_messages_eus
[ 43%] Built target geometry_msgs_generate_messages_eus
[ 56%] Built target dog_prior_map_interfaces_generate_messages_eus
[ 56%] Built target dog_prior_map_interfaces_generate_messages
[ 56%] Built target _catkin_empty_exported_target
[ 59%] Built target ndt_protocol_contract_test
[ 59%] Built target roscpp_generate_messages_eus
[ 59%] Built target nav_msgs_generate_messages_lisp
[ 59%] Built target rosgraph_msgs_generate_messages_py
[ 59%] Built target actionlib_msgs_generate_messages_nodejs
[ 59%] Built target nav_msgs_generate_messages_cpp
[ 59%] Built target rosgraph_msgs_generate_messages_eus
[ 59%] Built target roscpp_generate_messages_nodejs
[ 59%] Built target roscpp_generate_messages_py
[ 59%] Built target roscpp_generate_messages_cpp
[ 59%] Built target actionlib_msgs_generate_messages_eus
[ 59%] Built target rosgraph_msgs_generate_messages_lisp
[ 59%] Built target nav_msgs_generate_messages_nodejs
[ 59%] Built target nav_msgs_generate_messages_py
[ 59%] Built target actionlib_msgs_generate_messages_cpp
[ 59%] Built target nav_msgs_generate_messages_eus
[ 59%] Built target actionlib_msgs_generate_messages_lisp
[ 59%] Built target rosgraph_msgs_generate_messages_cpp
[ 59%] Built target rosgraph_msgs_generate_messages_nodejs
[ 59%] Built target actionlib_msgs_generate_messages_py
[ 59%] Built target roscpp_generate_messages_lisp
[ 68%] Built target dog_prior_map_fastlio2_frontend_node
[ 73%] Built target fastlio2_propagation_contract_test
[ 78%] Built target ikfom_pose_api_spike
[ 85%] Built target scan_end_deskew_runtime_test
[ 94%] Built target frontend_runtime_end_to_end_test
[100%] Built target ndt_pose_update_runtime_test
Base path: /tmp/p6_i6e_r1_catkin_ws
Source space: /tmp/p6_i6e_r1_catkin_ws/src
Build space: /tmp/p6_i6e_r1_catkin_ws/build
Devel space: /tmp/p6_i6e_r1_catkin_ws/devel
Install space: /tmp/p6_i6e_r1_catkin_ws/install
####
#### Running command: "make cmake_check_build_system" in "/tmp/p6_i6e_r1_catkin_ws/build"
####
####
#### Running command: "make -j1" in "/tmp/p6_i6e_r1_catkin_ws/build"
####
