P9_R2_CONTRACT_FAIL=cannot create R2 result shard: /home/jian/livox_ws/dog_loc_paper_ws/docs/p9_r2_terminal_stability/runs/runs/tx_120_RANDOM2_r0.csv.partial.349801
R2_SHARD_COMPLETE frame=120 method=RANDOM2 replicate=0 probes=16
R2_SHARD_COMPLETE frame=120 method=RANDOM2 replicate=1 probes=16
R2_SHARD_COMPLETE frame=120 method=RANDOM2 replicate=2 probes=16
R2_SHARD_COMPLETE frame=120 method=STRONG2 replicate=-1 probes=16
R2_SHARD_COMPLETE frame=120 method=WEAK2 replicate=-1 probes=16
R2_SHARD_COMPLETE frame=244 method=RANDOM2 replicate=0 probes=16
R2_SHARD_COMPLETE frame=244 method=RANDOM2 replicate=1 probes=16
R2_SHARD_COMPLETE frame=244 method=RANDOM2 replicate=2 probes=16
R2_SHARD_COMPLETE frame=244 method=STRONG2 replicate=-1 probes=16
R2_SHARD_COMPLETE frame=244 method=WEAK2 replicate=-1 probes=16
R2_SHARD_COMPLETE frame=368 method=RANDOM2 replicate=0 probes=16
R2_SHARD_COMPLETE frame=368 method=RANDOM2 replicate=1 probes=16
R2_SHARD_COMPLETE frame=368 method=RANDOM2 replicate=2 probes=16
R2_SHARD_COMPLETE frame=368 method=STRONG2 replicate=-1 probes=16
R2_SHARD_COMPLETE frame=368 method=WEAK2 replicate=-1 probes=16
R2_SHARD_COMPLETE frame=616 method=RANDOM2 replicate=0 probes=16
R2_SHARD_COMPLETE frame=616 method=RANDOM2 replicate=1 probes=16
R2_SHARD_COMPLETE frame=616 method=RANDOM2 replicate=2 probes=16
R2_SHARD_COMPLETE frame=616 method=STRONG2 replicate=-1 probes=16
R2_SHARD_COMPLETE frame=616 method=WEAK2 replicate=-1 probes=16
R2_SHARD_COMPLETE frame=740 method=RANDOM2 replicate=0 probes=16
R2_SHARD_COMPLETE frame=740 method=RANDOM2 replicate=1 probes=16
R2_SHARD_COMPLETE frame=740 method=RANDOM2 replicate=2 probes=16
R2_SHARD_COMPLETE frame=740 method=STRONG2 replicate=-1 probes=16
R2_SHARD_COMPLETE frame=740 method=WEAK2 replicate=-1 probes=16
R2_SHARD_COMPLETE frame=838 method=RANDOM2 replicate=0 probes=16
R2_SHARD_COMPLETE frame=838 method=RANDOM2 replicate=1 probes=16
R2_SHARD_COMPLETE frame=838 method=RANDOM2 replicate=2 probes=16
R2_SHARD_COMPLETE frame=838 method=STRONG2 replicate=-1 probes=16
R2_SHARD_COMPLETE frame=838 method=WEAK2 replicate=-1 probes=16
R2_SHARD_COMPLETE frame=839 method=RANDOM2 replicate=0 probes=16
R2_SHARD_COMPLETE frame=839 method=RANDOM2 replicate=1 probes=16
R2_SHARD_COMPLETE frame=839 method=RANDOM2 replicate=2 probes=16
R2_SHARD_COMPLETE frame=839 method=STRONG2 replicate=-1 probes=16
R2_SHARD_COMPLETE frame=839 method=WEAK2 replicate=-1 probes=16
R2_SHARD_COMPLETE frame=864 method=RANDOM2 replicate=0 probes=16
R2_SHARD_COMPLETE frame=864 method=RANDOM2 replicate=1 probes=16
R2_SHARD_COMPLETE frame=864 method=RANDOM2 replicate=2 probes=16
R2_SHARD_COMPLETE frame=864 method=STRONG2 replicate=-1 probes=16
R2_SHARD_COMPLETE frame=864 method=WEAK2 replicate=-1 probes=16
R2_SHARD_COMPLETE frame=924 method=RANDOM2 replicate=0 probes=16
R2_SHARD_COMPLETE frame=924 method=RANDOM2 replicate=1 probes=16
R2_SHARD_COMPLETE frame=924 method=RANDOM2 replicate=2 probes=16
R2_SHARD_COMPLETE frame=924 method=STRONG2 replicate=-1 probes=16
R2_SHARD_COMPLETE frame=924 method=WEAK2 replicate=-1 probes=16
R2_SHARD_COMPLETE frame=925 method=RANDOM2 replicate=0 probes=16
R2_SHARD_COMPLETE frame=925 method=RANDOM2 replicate=1 probes=16
R2_SHARD_COMPLETE frame=925 method=RANDOM2 replicate=2 probes=16
R2_SHARD_COMPLETE frame=925 method=STRONG2 replicate=-1 probes=16
R2_SHARD_COMPLETE frame=925 method=WEAK2 replicate=-1 probes=16
R2_SHARD_COMPLETE frame=1111 method=RANDOM2 replicate=0 probes=16
R2_SHARD_COMPLETE frame=1111 method=RANDOM2 replicate=1 probes=16
R2_SHARD_COMPLETE frame=1111 method=RANDOM2 replicate=2 probes=16
R2_SHARD_COMPLETE frame=1111 method=STRONG2 replicate=-1 probes=16
R2_SHARD_COMPLETE frame=1111 method=WEAK2 replicate=-1 probes=16
R2_SHARD_COMPLETE frame=1235 method=RANDOM2 replicate=0 probes=16
R2_SHARD_COMPLETE frame=1235 method=RANDOM2 replicate=1 probes=16
R2_SHARD_COMPLETE frame=1235 method=RANDOM2 replicate=2 probes=16
R2_SHARD_COMPLETE frame=1235 method=STRONG2 replicate=-1 probes=16
R2_SHARD_COMPLETE frame=1235 method=WEAK2 replicate=-1 probes=16
R2_SHARD_COMPLETE frame=1359 method=RANDOM2 replicate=0 probes=16
R2_SHARD_COMPLETE frame=1359 method=RANDOM2 replicate=1 probes=16
R2_SHARD_COMPLETE frame=1359 method=RANDOM2 replicate=2 probes=16
R2_SHARD_COMPLETE frame=1359 method=STRONG2 replicate=-1 probes=16
R2_SHARD_COMPLETE frame=1359 method=WEAK2 replicate=-1 probes=16
R2_SHARD_COMPLETE frame=1497 method=RANDOM2 replicate=0 probes=16
R2_SHARD_COMPLETE frame=1497 method=RANDOM2 replicate=1 probes=16
R2_SHARD_COMPLETE frame=1497 method=RANDOM2 replicate=2 probes=16
R2_SHARD_COMPLETE frame=1497 method=STRONG2 replicate=-1 probes=16
R2_SHARD_COMPLETE frame=1497 method=WEAK2 replicate=-1 probes=16
R2_SHARD_COMPLETE frame=1498 method=RANDOM2 replicate=0 probes=16
R2_SHARD_COMPLETE frame=1498 method=RANDOM2 replicate=1 probes=16
R2_SHARD_COMPLETE frame=1498 method=RANDOM2 replicate=2 probes=16
R2_SHARD_COMPLETE frame=1498 method=STRONG2 replicate=-1 probes=16
R2_SHARD_COMPLETE frame=1498 method=WEAK2 replicate=-1 probes=16
R2_SHARD_COMPLETE frame=1556 method=RANDOM2 replicate=0 probes=16
R2_SHARD_COMPLETE frame=1556 method=RANDOM2 replicate=1 probes=16
R2_SHARD_COMPLETE frame=1556 method=RANDOM2 replicate=2 probes=16
R2_SHARD_COMPLETE frame=1556 method=STRONG2 replicate=-1 probes=16
R2_SHARD_COMPLETE frame=1556 method=WEAK2 replicate=-1 probes=16
R2_SHARD_COMPLETE frame=1557 method=RANDOM2 replicate=0 probes=16
R2_SHARD_COMPLETE frame=1557 method=RANDOM2 replicate=1 probes=16
R2_SHARD_COMPLETE frame=1557 method=RANDOM2 replicate=2 probes=16
R2_SHARD_COMPLETE frame=1557 method=STRONG2 replicate=-1 probes=16
R2_SHARD_COMPLETE frame=1557 method=WEAK2 replicate=-1 probes=16
R2_SHARD_COMPLETE frame=1606 method=RANDOM2 replicate=0 probes=16
R2_SHARD_COMPLETE frame=1606 method=RANDOM2 replicate=1 probes=16
R2_SHARD_COMPLETE frame=1606 method=RANDOM2 replicate=2 probes=16
R2_SHARD_COMPLETE frame=1606 method=STRONG2 replicate=-1 probes=16
R2_SHARD_COMPLETE frame=1606 method=WEAK2 replicate=-1 probes=16
R2_SHARD_COMPLETE frame=1730 method=RANDOM2 replicate=0 probes=16
R2_SHARD_COMPLETE frame=1730 method=RANDOM2 replicate=1 probes=16
R2_SHARD_COMPLETE frame=1730 method=RANDOM2 replicate=2 probes=16
R2_SHARD_COMPLETE frame=1730 method=STRONG2 replicate=-1 probes=16
R2_SHARD_COMPLETE frame=1730 method=WEAK2 replicate=-1 probes=16
R2_SHARD_COMPLETE frame=1854 method=RANDOM2 replicate=0 probes=16
R2_SHARD_COMPLETE frame=1854 method=RANDOM2 replicate=1 probes=16
R2_SHARD_COMPLETE frame=1854 method=RANDOM2 replicate=2 probes=16
R2_SHARD_COMPLETE frame=1854 method=STRONG2 replicate=-1 probes=16
R2_SHARD_COMPLETE frame=1854 method=WEAK2 replicate=-1 probes=16
R2_SHARD_COMPLETE frame=2102 method=RANDOM2 replicate=0 probes=16
R2_SHARD_COMPLETE frame=2102 method=RANDOM2 replicate=1 probes=16
R2_SHARD_COMPLETE frame=2102 method=RANDOM2 replicate=2 probes=16
R2_SHARD_COMPLETE frame=2102 method=STRONG2 replicate=-1 probes=16
R2_SHARD_COMPLETE frame=2102 method=WEAK2 replicate=-1 probes=16
R2_SHARD_COMPLETE frame=2226 method=RANDOM2 replicate=0 probes=16
R2_SHARD_COMPLETE frame=2226 method=RANDOM2 replicate=1 probes=16
R2_SHARD_COMPLETE frame=2226 method=RANDOM2 replicate=2 probes=16
R2_SHARD_COMPLETE frame=2226 method=STRONG2 replicate=-1 probes=16
R2_SHARD_COMPLETE frame=2226 method=WEAK2 replicate=-1 probes=16
R2_SHARD_COMPLETE frame=2350 method=RANDOM2 replicate=0 probes=16
R2_SHARD_COMPLETE frame=2350 method=RANDOM2 replicate=1 probes=16
R2_SHARD_COMPLETE frame=2350 method=RANDOM2 replicate=2 probes=16
R2_SHARD_COMPLETE frame=2350 method=STRONG2 replicate=-1 probes=16
R2_SHARD_COMPLETE frame=2350 method=WEAK2 replicate=-1 probes=16
R2_SHARD_COMPLETE frame=2598 method=RANDOM2 replicate=0 probes=16
R2_SHARD_COMPLETE frame=2598 method=RANDOM2 replicate=1 probes=16
R2_SHARD_COMPLETE frame=2598 method=RANDOM2 replicate=2 probes=16
R2_SHARD_COMPLETE frame=2598 method=STRONG2 replicate=-1 probes=16
R2_SHARD_COMPLETE frame=2598 method=WEAK2 replicate=-1 probes=16
R2_SHARD_COMPLETE frame=2722 method=RANDOM2 replicate=0 probes=16
R2_SHARD_COMPLETE frame=2722 method=RANDOM2 replicate=1 probes=16
R2_SHARD_COMPLETE frame=2722 method=RANDOM2 replicate=2 probes=16
R2_SHARD_COMPLETE frame=2722 method=STRONG2 replicate=-1 probes=16
R2_SHARD_COMPLETE frame=2722 method=WEAK2 replicate=-1 probes=16
R2_SHARD_COMPLETE frame=2846 method=RANDOM2 replicate=0 probes=16
R2_SHARD_COMPLETE frame=2846 method=RANDOM2 replicate=1 probes=16
R2_SHARD_COMPLETE frame=2846 method=RANDOM2 replicate=2 probes=16
R2_SHARD_COMPLETE frame=2846 method=STRONG2 replicate=-1 probes=16
R2_SHARD_COMPLETE frame=2846 method=WEAK2 replicate=-1 probes=16
R2_SHARD_COMPLETE frame=3094 method=RANDOM2 replicate=0 probes=16
R2_SHARD_COMPLETE frame=3094 method=RANDOM2 replicate=1 probes=16
R2_SHARD_COMPLETE frame=3094 method=RANDOM2 replicate=2 probes=16
R2_SHARD_COMPLETE frame=3094 method=STRONG2 replicate=-1 probes=16
R2_SHARD_COMPLETE frame=3094 method=WEAK2 replicate=-1 probes=16
R2_SHARD_COMPLETE frame=3217 method=RANDOM2 replicate=0 probes=16
R2_SHARD_COMPLETE frame=3217 method=RANDOM2 replicate=1 probes=16
R2_SHARD_COMPLETE frame=3217 method=RANDOM2 replicate=2 probes=16
R2_SHARD_COMPLETE frame=3217 method=STRONG2 replicate=-1 probes=16
R2_SHARD_COMPLETE frame=3217 method=WEAK2 replicate=-1 probes=16
R2_SHARD_COMPLETE frame=3341 method=RANDOM2 replicate=0 probes=16
R2_SHARD_COMPLETE frame=3341 method=RANDOM2 replicate=1 probes=16
R2_SHARD_COMPLETE frame=3341 method=RANDOM2 replicate=2 probes=16
R2_SHARD_COMPLETE frame=3341 method=STRONG2 replicate=-1 probes=16
R2_SHARD_COMPLETE frame=3341 method=WEAK2 replicate=-1 probes=16
R2_SHARD_COMPLETE frame=3631 method=RANDOM2 replicate=0 probes=16
R2_SHARD_COMPLETE frame=3631 method=RANDOM2 replicate=1 probes=16
R2_SHARD_COMPLETE frame=3631 method=RANDOM2 replicate=2 probes=16
R2_SHARD_COMPLETE frame=3631 method=STRONG2 replicate=-1 probes=16
R2_SHARD_COMPLETE frame=3631 method=WEAK2 replicate=-1 probes=16
R2_SHARD_COMPLETE frame=3796 method=RANDOM2 replicate=0 probes=16
R2_SHARD_COMPLETE frame=3796 method=RANDOM2 replicate=1 probes=16
R2_SHARD_COMPLETE frame=3796 method=RANDOM2 replicate=2 probes=16
R2_SHARD_COMPLETE frame=3796 method=STRONG2 replicate=-1 probes=16
R2_SHARD_COMPLETE frame=3796 method=WEAK2 replicate=-1 probes=16
R2_SHARD_COMPLETE frame=3962 method=RANDOM2 replicate=0 probes=16
R2_SHARD_COMPLETE frame=3962 method=RANDOM2 replicate=1 probes=16
R2_SHARD_COMPLETE frame=3962 method=RANDOM2 replicate=2 probes=16
R2_SHARD_COMPLETE frame=3962 method=STRONG2 replicate=-1 probes=16
R2_SHARD_COMPLETE frame=3962 method=WEAK2 replicate=-1 probes=16
R2_ALIGN_TASKS_COMPLETED=160 SKIPPED=0 TOTAL_TASKS=160 NEW_NDT_CALLS=2560
