-- Using CATKIN_DEVEL_PREFIX: /home/jian/livox_ws/dog_loc_p6_i6b_ws/devel
-- Using CMAKE_PREFIX_PATH: /opt/ros/noetic
-- This workspace overlays: /opt/ros/noetic
-- Found PythonInterp: /usr/bin/python3 (found suitable version "3.8.10", minimum required is "3")
-- Using PYTHON_EXECUTABLE: /usr/bin/python3
-- Using Debian Python package layout
-- Using empy: /home/jian/.local/lib/python3.8/site-packages/em.py
-- Using CATKIN_ENABLE_TESTING: ON
-- Call enable_testing()
-- Using CATKIN_TEST_RESULTS_DIR: /tmp/p6-i6e-r3-catkin-build/test_results
-- Forcing gtest/gmock from source, though one was otherwise available.
-- Found gtest sources under '/usr/src/googletest': gtests will be built
-- Found gmock sources under '/usr/src/googletest': gmock will be built
-- Found PythonInterp: /usr/bin/python3 (found version "3.8.10")
-- Using Python nosetests: /usr/bin/nosetests3
-- catkin 0.8.12
-- BUILD_SHARED_LIBS is on
-- BUILD_SHARED_LIBS is on
-- Using CATKIN_WHITELIST_PACKAGES: dog_prior_map_fastlio2_frontend_exp;dog_prior_map_interfaces
-- ~~~~~~~~~~~~~~~~~~~~~~~~~~~~~~~~~~~~~~~~~~~~~~~~~
-- ~~  traversing 2 packages in topological order:
-- ~~  - dog_prior_map_interfaces
-- ~~  - dog_prior_map_fastlio2_frontend_exp
-- ~~~~~~~~~~~~~~~~~~~~~~~~~~~~~~~~~~~~~~~~~~~~~~~~~
-- +++ processing catkin package: 'dog_prior_map_interfaces'
-- ==> add_subdirectory(dog_prior_map_interfaces)
-- Using these message generators: gencpp;geneus;genlisp;gennodejs;genpy
-- dog_prior_map_interfaces: 6 messages, 0 services
-- +++ processing catkin package: 'dog_prior_map_fastlio2_frontend_exp'
-- ==> add_subdirectory(dog_prior_map_fastlio2_frontend_exp)
-- Using these message generators: gencpp;geneus;genlisp;gennodejs;genpy
-- Configuring done
-- Generating done
-- Build files have been written to: /tmp/p6-i6e-r3-catkin-build
[  0%] Built target sensor_msgs_generate_messages_lisp
[  0%] Built target std_msgs_generate_messages_lisp
[  0%] Built target _dog_prior_map_interfaces_generate_messages_check_deps_NdtSessionControlAck
[  0%] Built target geometry_msgs_generate_messages_lisp
[  0%] Built target _dog_prior_map_interfaces_generate_messages_check_deps_NdtSessionControl
[  0%] Built target _dog_prior_map_interfaces_generate_messages_check_deps_NdtScanRequest
[  0%] Built target _dog_prior_map_interfaces_generate_messages_check_deps_NdtScanResult
[  0%] Built target _dog_prior_map_interfaces_generate_messages_check_deps_NdtScanAck
[  0%] Built target _dog_prior_map_interfaces_generate_messages_check_deps_NdtServerStatus
[  0%] Built target sensor_msgs_generate_messages_py
[  0%] Built target geometry_msgs_generate_messages_py
[  0%] Built target std_msgs_generate_messages_py
[  0%] Built target geometry_msgs_generate_messages_nodejs
[  0%] Built target sensor_msgs_generate_messages_nodejs
[  0%] Built target std_msgs_generate_messages_nodejs
[  0%] Built target geometry_msgs_generate_messages_cpp
[  0%] Built target std_msgs_generate_messages_cpp
[  0%] Built target sensor_msgs_generate_messages_cpp
[  0%] Built target sensor_msgs_generate_messages_eus
[  0%] Built target geometry_msgs_generate_messages_eus
[  0%] Built target _catkin_empty_exported_target
[  0%] Built target std_msgs_generate_messages_eus
[  0%] Built target nav_msgs_generate_messages_lisp
[  0%] Built target roscpp_generate_messages_eus
[  0%] Built target rosgraph_msgs_generate_messages_py
[  0%] Built target actionlib_msgs_generate_messages_nodejs
[  0%] Built target nav_msgs_generate_messages_cpp
[  0%] Built target rosgraph_msgs_generate_messages_eus
[  0%] Built target roscpp_generate_messages_py
[  0%] Built target roscpp_generate_messages_nodejs
[  0%] Built target roscpp_generate_messages_cpp
[  0%] Built target actionlib_msgs_generate_messages_eus
[  0%] Built target nav_msgs_generate_messages_nodejs
[  0%] Built target rosgraph_msgs_generate_messages_lisp
[  0%] Built target actionlib_msgs_generate_messages_cpp
[  0%] Built target nav_msgs_generate_messages_py
[  0%] Built target nav_msgs_generate_messages_eus
[  0%] Built target actionlib_msgs_generate_messages_lisp
[  0%] Built target rosgraph_msgs_generate_messages_cpp
[  0%] Built target rosgraph_msgs_generate_messages_nodejs
[  0%] Built target roscpp_generate_messages_lisp
[  0%] Built target actionlib_msgs_generate_messages_py
[ 17%] Built target dog_prior_map_interfaces_generate_messages_py
[ 22%] Built target dog_prior_map_interfaces_generate_messages_lisp
[ 43%] Built target dog_prior_map_interfaces_generate_messages_cpp
[ 43%] Built target dog_prior_map_interfaces_generate_messages_nodejs
[ 56%] Built target dog_prior_map_interfaces_generate_messages_eus
[ 56%] Built target dog_prior_map_interfaces_generate_messages
[ 59%] Built target ndt_protocol_contract_test
[ 68%] Built target dog_prior_map_fastlio2_frontend_node
[ 73%] Built target fastlio2_propagation_contract_test
[ 85%] Built target ikfom_pose_api_spike
[ 85%] Built target scan_end_deskew_runtime_test
[ 98%] Built target ndt_pose_update_runtime_test
[100%] Built target frontend_runtime_end_to_end_test
Base path: /home/jian/livox_ws/dog_loc_p6_i6b_ws
Source space: /home/jian/livox_ws/dog_loc_p6_i6b_ws/src
Build space: /tmp/p6-i6e-r3-catkin-build
Devel space: /home/jian/livox_ws/dog_loc_p6_i6b_ws/devel
Install space: /home/jian/livox_ws/dog_loc_p6_i6b_ws/install
Whitelisted packages: dog_prior_map_fastlio2_frontend_exp, dog_prior_map_interfaces
####
#### Running command: "cmake /home/jian/livox_ws/dog_loc_p6_i6b_ws/src -DCMAKE_BUILD_TYPE=Release -DCATKIN_ENABLE_TESTING=ON -DDOG_PRIOR_ENABLE_FASTLIO2_EXP=ON -DFASTLIO2_REF_ROOT=/media/jian/HIKVISION/comparison algorithm/FAST_LIO2 -DCATKIN_DEVEL_PREFIX=/home/jian/livox_ws/dog_loc_p6_i6b_ws/devel -DCMAKE_INSTALL_PREFIX=/home/jian/livox_ws/dog_loc_p6_i6b_ws/install -DCATKIN_WHITELIST_PACKAGES=dog_prior_map_fastlio2_frontend_exp;dog_prior_map_interfaces -G Unix Makefiles" in "/tmp/p6-i6e-r3-catkin-build"
####
####
#### Running command: "make -j2" in "/tmp/p6-i6e-r3-catkin-build"
####
